[     141ms] [INFO] %cDownload the React DevTools for a better development experience: https://react.dev/link/react-devtools font-weight:bold @ http://localhost:3000/_next/static/chunks/node_modules_next_dist_1e8vcs8._.js:776
[     160ms] [LOG] [HMR] connected @ http://localhost:3000/_next/static/chunks/node_modules_next_dist_1e8vcs8._.js:776
[     364ms] [LOG] [Fast Refresh] rebuilding @ http://localhost:3000/_next/static/chunks/node_modules_next_dist_1e8vcs8._.js:776
[     452ms] [LOG] [Fast Refresh] done in 190ms @ http://localhost:3000/_next/static/chunks/node_modules_next_dist_1e8vcs8._.js:776
[     458ms] [WARNING] Detected `scroll-behavior: smooth` on the `<html>` element. To disable smooth scrolling during route transitions, add `data-scroll-behavior="smooth"` to your <html> element. Learn more: https://nextjs.org/docs/messages/missing-data-scroll-behavior @ http://localhost:3000/_next/static/chunks/node_modules_next_dist_1e8vcs8._.js:776
[  356646ms] [LOG] [Fast Refresh] rebuilding @ http://localhost:3000/_next/static/chunks/node_modules_next_dist_1e8vcs8._.js:776
[  358311ms] [LOG] [Fast Refresh] done in 1683ms @ http://localhost:3000/_next/static/chunks/node_modules_next_dist_1e8vcs8._.js:776
[  358365ms] [LOG] [Fast Refresh] done in 1683ms @ http://localhost:3000/_next/static/chunks/node_modules_next_dist_1e8vcs8._.js:776
[  358429ms] [LOG] [Fast Refresh] done in 1683ms @ http://localhost:3000/_next/static/chunks/node_modules_next_dist_1e8vcs8._.js:776
[  358491ms] [LOG] [Fast Refresh] done in 1683ms @ http://localhost:3000/_next/static/chunks/node_modules_next_dist_1e8vcs8._.js:776
[  358553ms] [LOG] [Fast Refresh] done in 1683ms @ http://localhost:3000/_next/static/chunks/node_modules_next_dist_1e8vcs8._.js:776
[  358616ms] [LOG] [Fast Refresh] done in 1683ms @ http://localhost:3000/_next/static/chunks/node_modules_next_dist_1e8vcs8._.js:776
[  358678ms] [LOG] [Fast Refresh] done in 1683ms @ http://localhost:3000/_next/static/chunks/node_modules_next_dist_1e8vcs8._.js:776
[  358739ms] [LOG] [Fast Refresh] done in 1683ms @ http://localhost:3000/_next/static/chunks/node_modules_next_dist_1e8vcs8._.js:776
[  358801ms] [LOG] [Fast Refresh] done in 1683ms @ http://localhost:3000/_next/static/chunks/node_modules_next_dist_1e8vcs8._.js:776
[  358863ms] [LOG] [Fast Refresh] done in 1683ms @ http://localhost:3000/_next/static/chunks/node_modules_next_dist_1e8vcs8._.js:776
[  358925ms] [LOG] [Fast Refresh] done in 1683ms @ http://localhost:3000/_next/static/chunks/node_modules_next_dist_1e8vcs8._.js:776
[  358987ms] [LOG] [Fast Refresh] done in 1683ms @ http://localhost:3000/_next/static/chunks/node_modules_next_dist_1e8vcs8._.js:776
[  359049ms] [LOG] [Fast Refresh] done in 1683ms @ http://localhost:3000/_next/static/chunks/node_modules_next_dist_1e8vcs8._.js:776
[  359112ms] [LOG] [Fast Refresh] done in 1683ms @ http://localhost:3000/_next/static/chunks/node_modules_next_dist_1e8vcs8._.js:776
[  359174ms] [LOG] [Fast Refresh] done in 1683ms @ http://localhost:3000/_next/static/chunks/node_modules_next_dist_1e8vcs8._.js:776
[  359236ms] [LOG] [Fast Refresh] done in 1683ms @ http://localhost:3000/_next/static/chunks/node_modules_next_dist_1e8vcs8._.js:776
[  359299ms] [LOG] [Fast Refresh] done in 1683ms @ http://localhost:3000/_next/static/chunks/node_modules_next_dist_1e8vcs8._.js:776
[  359360ms] [LOG] [Fast Refresh] done in 1683ms @ http://localhost:3000/_next/static/chunks/node_modules_next_dist_1e8vcs8._.js:776
[  359421ms] [LOG] [Fast Refresh] done in 1683ms @ http://localhost:3000/_next/static/chunks/node_modules_next_dist_1e8vcs8._.js:776
[  359482ms] [LOG] [Fast Refresh] done in 1683ms @ http://localhost:3000/_next/static/chunks/node_modules_next_dist_1e8vcs8._.js:776
[  359545ms] [LOG] [Fast Refresh] done in 1683ms @ http://localhost:3000/_next/static/chunks/node_modules_next_dist_1e8vcs8._.js:776
[  359606ms] [LOG] [Fast Refresh] done in 1683ms @ http://localhost:3000/_next/static/chunks/node_modules_next_dist_1e8vcs8._.js:776
[  359668ms] [LOG] [Fast Refresh] done in 1683ms @ http://localhost:3000/_next/static/chunks/node_modules_next_dist_1e8vcs8._.js:776
[  359729ms] [LOG] [Fast Refresh] done in 1683ms @ http://localhost:3000/_next/static/chunks/node_modules_next_dist_1e8vcs8._.js:776
[  359791ms] [LOG] [Fast Refresh] done in 1683ms @ http://localhost:3000/_next/static/chunks/node_modules_next_dist_1e8vcs8._.js:776
[  359853ms] [LOG] [Fast Refresh] done in 1683ms @ http://localhost:3000/_next/static/chunks/node_modules_next_dist_1e8vcs8._.js:776
[  359915ms] [LOG] [Fast Refresh] done in 1683ms @ http://localhost:3000/_next/static/chunks/node_modules_next_dist_1e8vcs8._.js:776
[  359978ms] [LOG] [Fast Refresh] done in 1683ms @ http://localhost:3000/_next/static/chunks/node_modules_next_dist_1e8vcs8._.js:776
[  360042ms] [LOG] [Fast Refresh] done in 1683ms @ http://localhost:3000/_next/static/chunks/node_modules_next_dist_1e8vcs8._.js:776
[  360103ms] [LOG] [Fast Refresh] done in 1683ms @ http://localhost:3000/_next/static/chunks/node_modules_next_dist_1e8vcs8._.js:776
[  360166ms] [LOG] [Fast Refresh] done in 1683ms @ http://localhost:3000/_next/static/chunks/node_modules_next_dist_1e8vcs8._.js:776
[  360229ms] [LOG] [Fast Refresh] done in 1683ms @ http://localhost:3000/_next/static/chunks/node_modules_next_dist_1e8vcs8._.js:776
[  360293ms] [LOG] [Fast Refresh] done in 1683ms @ http://localhost:3000/_next/static/chunks/node_modules_next_dist_1e8vcs8._.js:776
[  360354ms] [LOG] [Fast Refresh] done in 1683ms @ http://localhost:3000/_next/static/chunks/node_modules_next_dist_1e8vcs8._.js:776
[  360417ms] [LOG] [Fast Refresh] done in 1683ms @ http://localhost:3000/_next/static/chunks/node_modules_next_dist_1e8vcs8._.js:776
[  360478ms] [LOG] [Fast Refresh] done in 1683ms @ http://localhost:3000/_next/static/chunks/node_modules_next_dist_1e8vcs8._.js:776
[  360540ms] [LOG] [Fast Refresh] done in 1683ms @ http://localhost:3000/_next/static/chunks/node_modules_next_dist_1e8vcs8._.js:776
[  360602ms] [LOG] [Fast Refresh] done in 1683ms @ http://localhost:3000/_next/static/chunks/node_modules_next_dist_1e8vcs8._.js:776
[  360663ms] [LOG] [Fast Refresh] done in 1683ms @ http://localhost:3000/_next/static/chunks/node_modules_next_dist_1e8vcs8._.js:776
[  360725ms] [LOG] [Fast Refresh] done in 1683ms @ http://localhost:3000/_next/static/chunks/node_modules_next_dist_1e8vcs8._.js:776
[  360787ms] [LOG] [Fast Refresh] done in 1683ms @ http://localhost:3000/_next/static/chunks/node_modules_next_dist_1e8vcs8._.js:776
[  360849ms] [LOG] [Fast Refresh] done in 1683ms @ http://localhost:3000/_next/static/chunks/node_modules_next_dist_1e8vcs8._.js:776
[  360911ms] [LOG] [Fast Refresh] done in 1683ms @ http://localhost:3000/_next/static/chunks/node_modules_next_dist_1e8vcs8._.js:776
[  360974ms] [LOG] [Fast Refresh] done in 1683ms @ http://localhost:3000/_next/static/chunks/node_modules_next_dist_1e8vcs8._.js:776
[  361036ms] [LOG] [Fast Refresh] done in 1683ms @ http://localhost:3000/_next/static/chunks/node_modules_next_dist_1e8vcs8._.js:776
[  361113ms] [LOG] [Fast Refresh] done in 1683ms @ http://localhost:3000/_next/static/chunks/node_modules_next_dist_1e8vcs8._.js:776
[  361176ms] [LOG] [Fast Refresh] done in 1683ms @ http://localhost:3000/_next/static/chunks/node_modules_next_dist_1e8vcs8._.js:776
[  361237ms] [LOG] [Fast Refresh] done in 1683ms @ http://localhost:3000/_next/static/chunks/node_modules_next_dist_1e8vcs8._.js:776
[  361299ms] [LOG] [Fast Refresh] done in 1683ms @ http://localhost:3000/_next/static/chunks/node_modules_next_dist_1e8vcs8._.js:776
[  361361ms] [LOG] [Fast Refresh] done in 1683ms @ http://localhost:3000/_next/static/chunks/node_modules_next_dist_1e8vcs8._.js:776
[  361423ms] [LOG] [Fast Refresh] done in 1683ms @ http://localhost:3000/_next/static/chunks/node_modules_next_dist_1e8vcs8._.js:776
[  361485ms] [LOG] [Fast Refresh] done in 1683ms @ http://localhost:3000/_next/static/chunks/node_modules_next_dist_1e8vcs8._.js:776
[  361547ms] [LOG] [Fast Refresh] done in 1683ms @ http://localhost:3000/_next/static/chunks/node_modules_next_dist_1e8vcs8._.js:776
[  361610ms] [LOG] [Fast Refresh] done in 1683ms @ http://localhost:3000/_next/static/chunks/node_modules_next_dist_1e8vcs8._.js:776
[  361672ms] [LOG] [Fast Refresh] done in 1683ms @ http://localhost:3000/_next/static/chunks/node_modules_next_dist_1e8vcs8._.js:776
[  361733ms] [LOG] [Fast Refresh] done in 1683ms @ http://localhost:3000/_next/static/chunks/node_modules_next_dist_1e8vcs8._.js:776
[  361796ms] [LOG] [Fast Refresh] done in 1683ms @ http://localhost:3000/_next/static/chunks/node_modules_next_dist_1e8vcs8._.js:776
[  361857ms] [LOG] [Fast Refresh] done in 1683ms @ http://localhost:3000/_next/static/chunks/node_modules_next_dist_1e8vcs8._.js:776
[  362061ms] [LOG] [Fast Refresh] done in 1683ms @ http://localhost:3000/_next/static/chunks/node_modules_next_dist_1e8vcs8._.js:776
[  362122ms] [LOG] [Fast Refresh] done in 1683ms @ http://localhost:3000/_next/static/chunks/node_modules_next_dist_1e8vcs8._.js:776
[  362185ms] [LOG] [Fast Refresh] done in 1683ms @ http://localhost:3000/_next/static/chunks/node_modules_next_dist_1e8vcs8._.js:776
[  362246ms] [LOG] [Fast Refresh] done in 1683ms @ http://localhost:3000/_next/static/chunks/node_modules_next_dist_1e8vcs8._.js:776
[  362308ms] [LOG] [Fast Refresh] done in 1683ms @ http://localhost:3000/_next/static/chunks/node_modules_next_dist_1e8vcs8._.js:776
[  362370ms] [LOG] [Fast Refresh] done in 1683ms @ http://localhost:3000/_next/static/chunks/node_modules_next_dist_1e8vcs8._.js:776
[  362432ms] [LOG] [Fast Refresh] done in 1683ms @ http://localhost:3000/_next/static/chunks/node_modules_next_dist_1e8vcs8._.js:776
[  362494ms] [LOG] [Fast Refresh] done in 1683ms @ http://localhost:3000/_next/static/chunks/node_modules_next_dist_1e8vcs8._.js:776
[  362556ms] [LOG] [Fast Refresh] done in 1683ms @ http://localhost:3000/_next/static/chunks/node_modules_next_dist_1e8vcs8._.js:776
[  362620ms] [LOG] [Fast Refresh] done in 1683ms @ http://localhost:3000/_next/static/chunks/node_modules_next_dist_1e8vcs8._.js:776
[  362682ms] [LOG] [Fast Refresh] done in 1683ms @ http://localhost:3000/_next/static/chunks/node_modules_next_dist_1e8vcs8._.js:776
[  362743ms] [LOG] [Fast Refresh] done in 1683ms @ http://localhost:3000/_next/static/chunks/node_modules_next_dist_1e8vcs8._.js:776
[  362805ms] [LOG] [Fast Refresh] done in 1683ms @ http://localhost:3000/_next/static/chunks/node_modules_next_dist_1e8vcs8._.js:776
[  362867ms] [LOG] [Fast Refresh] done in 1683ms @ http://localhost:3000/_next/static/chunks/node_modules_next_dist_1e8vcs8._.js:776
[  362928ms] [LOG] [Fast Refresh] done in 1683ms @ http://localhost:3000/_next/static/chunks/node_modules_next_dist_1e8vcs8._.js:776
[  362990ms] [LOG] [Fast Refresh] done in 1683ms @ http://localhost:3000/_next/static/chunks/node_modules_next_dist_1e8vcs8._.js:776
[  363052ms] [LOG] [Fast Refresh] done in 1683ms @ http://localhost:3000/_next/static/chunks/node_modules_next_dist_1e8vcs8._.js:776
[  363114ms] [LOG] [Fast Refresh] done in 1683ms @ http://localhost:3000/_next/static/chunks/node_modules_next_dist_1e8vcs8._.js:776
[  363178ms] [LOG] [Fast Refresh] done in 1683ms @ http://localhost:3000/_next/static/chunks/node_modules_next_dist_1e8vcs8._.js:776
[  363240ms] [LOG] [Fast Refresh] done in 1683ms @ http://localhost:3000/_next/static/chunks/node_modules_next_dist_1e8vcs8._.js:776
[  363303ms] [LOG] [Fast Refresh] done in 1683ms @ http://localhost:3000/_next/static/chunks/node_modules_next_dist_1e8vcs8._.js:776
[  363365ms] [LOG] [Fast Refresh] done in 1683ms @ http://localhost:3000/_next/static/chunks/node_modules_next_dist_1e8vcs8._.js:776
[  363426ms] [LOG] [Fast Refresh] done in 1683ms @ http://localhost:3000/_next/static/chunks/node_modules_next_dist_1e8vcs8._.js:776
[  363488ms] [LOG] [Fast Refresh] done in 1683ms @ http://localhost:3000/_next/static/chunks/node_modules_next_dist_1e8vcs8._.js:776
[  363551ms] [LOG] [Fast Refresh] done in 1683ms @ http://localhost:3000/_next/static/chunks/node_modules_next_dist_1e8vcs8._.js:776
[  363614ms] [LOG] [Fast Refresh] done in 1683ms @ http://localhost:3000/_next/static/chunks/node_modules_next_dist_1e8vcs8._.js:776
[  363676ms] [LOG] [Fast Refresh] done in 1683ms @ http://localhost:3000/_next/static/chunks/node_modules_next_dist_1e8vcs8._.js:776
[  363738ms] [LOG] [Fast Refresh] done in 1683ms @ http://localhost:3000/_next/static/chunks/node_modules_next_dist_1e8vcs8._.js:776
[  363801ms] [LOG] [Fast Refresh] done in 1683ms @ http://localhost:3000/_next/static/chunks/node_modules_next_dist_1e8vcs8._.js:776
[  363863ms] [LOG] [Fast Refresh] done in 1683ms @ http://localhost:3000/_next/static/chunks/node_modules_next_dist_1e8vcs8._.js:776
[  363924ms] [LOG] [Fast Refresh] done in 1683ms @ http://localhost:3000/_next/static/chunks/node_modules_next_dist_1e8vcs8._.js:776
[  363985ms] [LOG] [Fast Refresh] done in 1683ms @ http://localhost:3000/_next/static/chunks/node_modules_next_dist_1e8vcs8._.js:776
[  364047ms] [LOG] [Fast Refresh] done in 1683ms @ http://localhost:3000/_next/static/chunks/node_modules_next_dist_1e8vcs8._.js:776
[  364108ms] [LOG] [Fast Refresh] done in 1683ms @ http://localhost:3000/_next/static/chunks/node_modules_next_dist_1e8vcs8._.js:776
[  364170ms] [LOG] [Fast Refresh] done in 1683ms @ http://localhost:3000/_next/static/chunks/node_modules_next_dist_1e8vcs8._.js:776
[  364233ms] [LOG] [Fast Refresh] done in 1683ms @ http://localhost:3000/_next/static/chunks/node_modules_next_dist_1e8vcs8._.js:776
[  364295ms] [LOG] [Fast Refresh] done in 1683ms @ http://localhost:3000/_next/static/chunks/node_modules_next_dist_1e8vcs8._.js:776
[  364357ms] [LOG] [Fast Refresh] done in 1683ms @ http://localhost:3000/_next/static/chunks/node_modules_next_dist_1e8vcs8._.js:776
[  364419ms] [LOG] [Fast Refresh] done in 1683ms @ http://localhost:3000/_next/static/chunks/node_modules_next_dist_1e8vcs8._.js:776
[  364482ms] [LOG] [Fast Refresh] done in 1683ms @ http://localhost:3000/_next/static/chunks/node_modules_next_dist_1e8vcs8._.js:776
[  364544ms] [LOG] [Fast Refresh] done in 1683ms @ http://localhost:3000/_next/static/chunks/node_modules_next_dist_1e8vcs8._.js:776
[  364607ms] [LOG] [Fast Refresh] done in 1683ms @ http://localhost:3000/_next/static/chunks/node_modules_next_dist_1e8vcs8._.js:776
[  364668ms] [LOG] [Fast Refresh] done in 1683ms @ http://localhost:3000/_next/static/chunks/node_modules_next_dist_1e8vcs8._.js:776
[  364730ms] [LOG] [Fast Refresh] done in 1683ms @ http://localhost:3000/_next/static/chunks/node_modules_next_dist_1e8vcs8._.js:776
[  364793ms] [LOG] [Fast Refresh] done in 1683ms @ http://localhost:3000/_next/static/chunks/node_modules_next_dist_1e8vcs8._.js:776
[  364855ms] [LOG] [Fast Refresh] done in 1683ms @ http://localhost:3000/_next/static/chunks/node_modules_next_dist_1e8vcs8._.js:776
[  364916ms] [LOG] [Fast Refresh] done in 1683ms @ http://localhost:3000/_next/static/chunks/node_modules_next_dist_1e8vcs8._.js:776
[  364979ms] [LOG] [Fast Refresh] done in 1683ms @ http://localhost:3000/_next/static/chunks/node_modules_next_dist_1e8vcs8._.js:776
[  365041ms] [LOG] [Fast Refresh] done in 1683ms @ http://localhost:3000/_next/static/chunks/node_modules_next_dist_1e8vcs8._.js:776
[  365103ms] [LOG] [Fast Refresh] done in 1683ms @ http://localhost:3000/_next/static/chunks/node_modules_next_dist_1e8vcs8._.js:776
[  365165ms] [LOG] [Fast Refresh] done in 1683ms @ http://localhost:3000/_next/static/chunks/node_modules_next_dist_1e8vcs8._.js:776
[  365227ms] [LOG] [Fast Refresh] done in 1683ms @ http://localhost:3000/_next/static/chunks/node_modules_next_dist_1e8vcs8._.js:776
[  365289ms] [LOG] [Fast Refresh] done in 1683ms @ http://localhost:3000/_next/static/chunks/node_modules_next_dist_1e8vcs8._.js:776
[  365351ms] [LOG] [Fast Refresh] done in 1683ms @ http://localhost:3000/_next/static/chunks/node_modules_next_dist_1e8vcs8._.js:776
[  365413ms] [LOG] [Fast Refresh] done in 1683ms @ http://localhost:3000/_next/static/chunks/node_modules_next_dist_1e8vcs8._.js:776
[  365476ms] [LOG] [Fast Refresh] done in 1683ms @ http://localhost:3000/_next/static/chunks/node_modules_next_dist_1e8vcs8._.js:776
[  365537ms] [LOG] [Fast Refresh] done in 1683ms @ http://localhost:3000/_next/static/chunks/node_modules_next_dist_1e8vcs8._.js:776
[  365600ms] [LOG] [Fast Refresh] done in 1683ms @ http://localhost:3000/_next/static/chunks/node_modules_next_dist_1e8vcs8._.js:776
[  365662ms] [LOG] [Fast Refresh] done in 1683ms @ http://localhost:3000/_next/static/chunks/node_modules_next_dist_1e8vcs8._.js:776
[  365724ms] [LOG] [Fast Refresh] done in 1683ms @ http://localhost:3000/_next/static/chunks/node_modules_next_dist_1e8vcs8._.js:776
[  365785ms] [LOG] [Fast Refresh] done in 1683ms @ http://localhost:3000/_next/static/chunks/node_modules_next_dist_1e8vcs8._.js:776
[  365848ms] [LOG] [Fast Refresh] done in 1683ms @ http://localhost:3000/_next/static/chunks/node_modules_next_dist_1e8vcs8._.js:776
[  365909ms] [LOG] [Fast Refresh] done in 1683ms @ http://localhost:3000/_next/static/chunks/node_modules_next_dist_1e8vcs8._.js:776
[  365972ms] [LOG] [Fast Refresh] done in 1683ms @ http://localhost:3000/_next/static/chunks/node_modules_next_dist_1e8vcs8._.js:776
[  366033ms] [LOG] [Fast Refresh] done in 1683ms @ http://localhost:3000/_next/static/chunks/node_modules_next_dist_1e8vcs8._.js:776
[  366095ms] [LOG] [Fast Refresh] done in 1683ms @ http://localhost:3000/_next/static/chunks/node_modules_next_dist_1e8vcs8._.js:776
[  366158ms] [LOG] [Fast Refresh] done in 1683ms @ http://localhost:3000/_next/static/chunks/node_modules_next_dist_1e8vcs8._.js:776
[  366220ms] [LOG] [Fast Refresh] done in 1683ms @ http://localhost:3000/_next/static/chunks/node_modules_next_dist_1e8vcs8._.js:776
[  366281ms] [LOG] [Fast Refresh] done in 1683ms @ http://localhost:3000/_next/static/chunks/node_modules_next_dist_1e8vcs8._.js:776
[  366343ms] [LOG] [Fast Refresh] done in 1683ms @ http://localhost:3000/_next/static/chunks/node_modules_next_dist_1e8vcs8._.js:776
[  366405ms] [LOG] [Fast Refresh] done in 1683ms @ http://localhost:3000/_next/static/chunks/node_modules_next_dist_1e8vcs8._.js:776
[  366468ms] [LOG] [Fast Refresh] done in 1683ms @ http://localhost:3000/_next/static/chunks/node_modules_next_dist_1e8vcs8._.js:776
[  366530ms] [LOG] [Fast Refresh] done in 1683ms @ http://localhost:3000/_next/static/chunks/node_modules_next_dist_1e8vcs8._.js:776
[  366592ms] [LOG] [Fast Refresh] done in 1683ms @ http://localhost:3000/_next/static/chunks/node_modules_next_dist_1e8vcs8._.js:776
[  366653ms] [LOG] [Fast Refresh] done in 1683ms @ http://localhost:3000/_next/static/chunks/node_modules_next_dist_1e8vcs8._.js:776
[  366715ms] [LOG] [Fast Refresh] done in 1683ms @ http://localhost:3000/_next/static/chunks/node_modules_next_dist_1e8vcs8._.js:776
[  366778ms] [LOG] [Fast Refresh] done in 1683ms @ http://localhost:3000/_next/static/chunks/node_modules_next_dist_1e8vcs8._.js:776
[  366840ms] [LOG] [Fast Refresh] done in 1683ms @ http://localhost:3000/_next/static/chunks/node_modules_next_dist_1e8vcs8._.js:776
[  366901ms] [LOG] [Fast Refresh] done in 1683ms @ http://localhost:3000/_next/static/chunks/node_modules_next_dist_1e8vcs8._.js:776
[  366963ms] [LOG] [Fast Refresh] done in 1683ms @ http://localhost:3000/_next/static/chunks/node_modules_next_dist_1e8vcs8._.js:776
[  367026ms] [LOG] [Fast Refresh] done in 1683ms @ http://localhost:3000/_next/static/chunks/node_modules_next_dist_1e8vcs8._.js:776
[  367087ms] [LOG] [Fast Refresh] done in 1683ms @ http://localhost:3000/_next/static/chunks/node_modules_next_dist_1e8vcs8._.js:776
[  367149ms] [LOG] [Fast Refresh] done in 1683ms @ http://localhost:3000/_next/static/chunks/node_modules_next_dist_1e8vcs8._.js:776
[  367211ms] [LOG] [Fast Refresh] done in 1683ms @ http://localhost:3000/_next/static/chunks/node_modules_next_dist_1e8vcs8._.js:776
[  367274ms] [LOG] [Fast Refresh] done in 1683ms @ http://localhost:3000/_next/static/chunks/node_modules_next_dist_1e8vcs8._.js:776
[  367336ms] [LOG] [Fast Refresh] done in 1683ms @ http://localhost:3000/_next/static/chunks/node_modules_next_dist_1e8vcs8._.js:776
[  367461ms] [LOG] [Fast Refresh] done in 1683ms @ http://localhost:3000/_next/static/chunks/node_modules_next_dist_1e8vcs8._.js:776
[  367523ms] [LOG] [Fast Refresh] done in 1683ms @ http://localhost:3000/_next/static/chunks/node_modules_next_dist_1e8vcs8._.js:776
[  367585ms] [LOG] [Fast Refresh] done in 1683ms @ http://localhost:3000/_next/static/chunks/node_modules_next_dist_1e8vcs8._.js:776
[  367646ms] [LOG] [Fast Refresh] done in 1683ms @ http://localhost:3000/_next/static/chunks/node_modules_next_dist_1e8vcs8._.js:776
[  367708ms] [LOG] [Fast Refresh] done in 1683ms @ http://localhost:3000/_next/static/chunks/node_modules_next_dist_1e8vcs8._.js:776
[  367770ms] [LOG] [Fast Refresh] done in 1683ms @ http://localhost:3000/_next/static/chunks/node_modules_next_dist_1e8vcs8._.js:776
[  367830ms] [LOG] [Fast Refresh] done in 1683ms @ http://localhost:3000/_next/static/chunks/node_modules_next_dist_1e8vcs8._.js:776
[  367893ms] [LOG] [Fast Refresh] done in 1683ms @ http://localhost:3000/_next/static/chunks/node_modules_next_dist_1e8vcs8._.js:776
[  367955ms] [LOG] [Fast Refresh] done in 1683ms @ http://localhost:3000/_next/static/chunks/node_modules_next_dist_1e8vcs8._.js:776
[  368017ms] [LOG] [Fast Refresh] done in 1683ms @ http://localhost:3000/_next/static/chunks/node_modules_next_dist_1e8vcs8._.js:776
[  368079ms] [LOG] [Fast Refresh] done in 1683ms @ http://localhost:3000/_next/static/chunks/node_modules_next_dist_1e8vcs8._.js:776
[  368141ms] [LOG] [Fast Refresh] done in 1683ms @ http://localhost:3000/_next/static/chunks/node_modules_next_dist_1e8vcs8._.js:776
[  368203ms] [LOG] [Fast Refresh] done in 1683ms @ http://localhost:3000/_next/static/chunks/node_modules_next_dist_1e8vcs8._.js:776
[  368265ms] [LOG] [Fast Refresh] done in 1683ms @ http://localhost:3000/_next/static/chunks/node_modules_next_dist_1e8vcs8._.js:776
[  368327ms] [LOG] [Fast Refresh] done in 1683ms @ http://localhost:3000/_next/static/chunks/node_modules_next_dist_1e8vcs8._.js:776
[  368390ms] [LOG] [Fast Refresh] done in 1683ms @ http://localhost:3000/_next/static/chunks/node_modules_next_dist_1e8vcs8._.js:776
[  368452ms] [LOG] [Fast Refresh] done in 1683ms @ http://localhost:3000/_next/static/chunks/node_modules_next_dist_1e8vcs8._.js:776
[  368515ms] [LOG] [Fast Refresh] done in 1683ms @ http://localhost:3000/_next/static/chunks/node_modules_next_dist_1e8vcs8._.js:776
[  368577ms] [LOG] [Fast Refresh] done in 1683ms @ http://localhost:3000/_next/static/chunks/node_modules_next_dist_1e8vcs8._.js:776
[  368639ms] [LOG] [Fast Refresh] done in 1683ms @ http://localhost:3000/_next/static/chunks/node_modules_next_dist_1e8vcs8._.js:776
[  368701ms] [LOG] [Fast Refresh] done in 1683ms @ http://localhost:3000/_next/static/chunks/node_modules_next_dist_1e8vcs8._.js:776
[  368809ms] [LOG] [Fast Refresh] done in 1683ms @ http://localhost:3000/_next/static/chunks/node_modules_next_dist_1e8vcs8._.js:776
[  368872ms] [LOG] [Fast Refresh] done in 1683ms @ http://localhost:3000/_next/static/chunks/node_modules_next_dist_1e8vcs8._.js:776
[  368934ms] [LOG] [Fast Refresh] done in 1683ms @ http://localhost:3000/_next/static/chunks/node_modules_next_dist_1e8vcs8._.js:776
[  368996ms] [LOG] [Fast Refresh] done in 1683ms @ http://localhost:3000/_next/static/chunks/node_modules_next_dist_1e8vcs8._.js:776
[  369057ms] [LOG] [Fast Refresh] done in 1683ms @ http://localhost:3000/_next/static/chunks/node_modules_next_dist_1e8vcs8._.js:776
[  369119ms] [LOG] [Fast Refresh] done in 1683ms @ http://localhost:3000/_next/static/chunks/node_modules_next_dist_1e8vcs8._.js:776
[  369181ms] [LOG] [Fast Refresh] done in 1683ms @ http://localhost:3000/_next/static/chunks/node_modules_next_dist_1e8vcs8._.js:776
[  369243ms] [LOG] [Fast Refresh] done in 1683ms @ http://localhost:3000/_next/static/chunks/node_modules_next_dist_1e8vcs8._.js:776
[  369306ms] [LOG] [Fast Refresh] done in 1683ms @ http://localhost:3000/_next/static/chunks/node_modules_next_dist_1e8vcs8._.js:776
[  369369ms] [LOG] [Fast Refresh] done in 1683ms @ http://localhost:3000/_next/static/chunks/node_modules_next_dist_1e8vcs8._.js:776
[  369431ms] [LOG] [Fast Refresh] done in 1683ms @ http://localhost:3000/_next/static/chunks/node_modules_next_dist_1e8vcs8._.js:776
[  369493ms] [LOG] [Fast Refresh] done in 1683ms @ http://localhost:3000/_next/static/chunks/node_modules_next_dist_1e8vcs8._.js:776
[  369554ms] [LOG] [Fast Refresh] done in 1683ms @ http://localhost:3000/_next/static/chunks/node_modules_next_dist_1e8vcs8._.js:776
[  369615ms] [LOG] [Fast Refresh] done in 1683ms @ http://localhost:3000/_next/static/chunks/node_modules_next_dist_1e8vcs8._.js:776
[  369678ms] [LOG] [Fast Refresh] done in 1683ms @ http://localhost:3000/_next/static/chunks/node_modules_next_dist_1e8vcs8._.js:776
[  369741ms] [LOG] [Fast Refresh] done in 1683ms @ http://localhost:3000/_next/static/chunks/node_modules_next_dist_1e8vcs8._.js:776
[  369803ms] [LOG] [Fast Refresh] done in 1683ms @ http://localhost:3000/_next/static/chunks/node_modules_next_dist_1e8vcs8._.js:776
[  369865ms] [LOG] [Fast Refresh] done in 1683ms @ http://localhost:3000/_next/static/chunks/node_modules_next_dist_1e8vcs8._.js:776
[  369927ms] [LOG] [Fast Refresh] done in 1683ms @ http://localhost:3000/_next/static/chunks/node_modules_next_dist_1e8vcs8._.js:776
[  369989ms] [LOG] [Fast Refresh] done in 1683ms @ http://localhost:3000/_next/static/chunks/node_modules_next_dist_1e8vcs8._.js:776
[  370051ms] [LOG] [Fast Refresh] done in 1683ms @ http://localhost:3000/_next/static/chunks/node_modules_next_dist_1e8vcs8._.js:776
[  370113ms] [LOG] [Fast Refresh] done in 1683ms @ http://localhost:3000/_next/static/chunks/node_modules_next_dist_1e8vcs8._.js:776
[  370175ms] [LOG] [Fast Refresh] done in 1683ms @ http://localhost:3000/_next/static/chunks/node_modules_next_dist_1e8vcs8._.js:776
[  370239ms] [LOG] [Fast Refresh] done in 1683ms @ http://localhost:3000/_next/static/chunks/node_modules_next_dist_1e8vcs8._.js:776
[  370300ms] [LOG] [Fast Refresh] done in 1683ms @ http://localhost:3000/_next/static/chunks/node_modules_next_dist_1e8vcs8._.js:776
[  370362ms] [LOG] [Fast Refresh] done in 1683ms @ http://localhost:3000/_next/static/chunks/node_modules_next_dist_1e8vcs8._.js:776
[  370424ms] [LOG] [Fast Refresh] done in 1683ms @ http://localhost:3000/_next/static/chunks/node_modules_next_dist_1e8vcs8._.js:776
[  370487ms] [LOG] [Fast Refresh] done in 1683ms @ http://localhost:3000/_next/static/chunks/node_modules_next_dist_1e8vcs8._.js:776
[  370549ms] [LOG] [Fast Refresh] done in 1683ms @ http://localhost:3000/_next/static/chunks/node_modules_next_dist_1e8vcs8._.js:776
[  370611ms] [LOG] [Fast Refresh] done in 1683ms @ http://localhost:3000/_next/static/chunks/node_modules_next_dist_1e8vcs8._.js:776
[  370674ms] [LOG] [Fast Refresh] done in 1683ms @ http://localhost:3000/_next/static/chunks/node_modules_next_dist_1e8vcs8._.js:776
[  370736ms] [LOG] [Fast Refresh] done in 1683ms @ http://localhost:3000/_next/static/chunks/node_modules_next_dist_1e8vcs8._.js:776
[  370798ms] [LOG] [Fast Refresh] done in 1683ms @ http://localhost:3000/_next/static/chunks/node_modules_next_dist_1e8vcs8._.js:776
[  370860ms] [LOG] [Fast Refresh] done in 1683ms @ http://localhost:3000/_next/static/chunks/node_modules_next_dist_1e8vcs8._.js:776
[  370922ms] [LOG] [Fast Refresh] done in 1683ms @ http://localhost:3000/_next/static/chunks/node_modules_next_dist_1e8vcs8._.js:776
[  370984ms] [LOG] [Fast Refresh] done in 1683ms @ http://localhost:3000/_next/static/chunks/node_modules_next_dist_1e8vcs8._.js:776
[  371047ms] [LOG] [Fast Refresh] done in 1683ms @ http://localhost:3000/_next/static/chunks/node_modules_next_dist_1e8vcs8._.js:776
[  371108ms] [LOG] [Fast Refresh] done in 1683ms @ http://localhost:3000/_next/static/chunks/node_modules_next_dist_1e8vcs8._.js:776
[  371171ms] [LOG] [Fast Refresh] done in 1683ms @ http://localhost:3000/_next/static/chunks/node_modules_next_dist_1e8vcs8._.js:776
[  371233ms] [LOG] [Fast Refresh] done in 1683ms @ http://localhost:3000/_next/static/chunks/node_modules_next_dist_1e8vcs8._.js:776
[  371295ms] [LOG] [Fast Refresh] done in 1683ms @ http://localhost:3000/_next/static/chunks/node_modules_next_dist_1e8vcs8._.js:776
[  371357ms] [LOG] [Fast Refresh] done in 1683ms @ http://localhost:3000/_next/static/chunks/node_modules_next_dist_1e8vcs8._.js:776
[  371420ms] [LOG] [Fast Refresh] done in 1683ms @ http://localhost:3000/_next/static/chunks/node_modules_next_dist_1e8vcs8._.js:776
[  371481ms] [LOG] [Fast Refresh] done in 1683ms @ http://localhost:3000/_next/static/chunks/node_modules_next_dist_1e8vcs8._.js:776
[  371545ms] [LOG] [Fast Refresh] done in 1683ms @ http://localhost:3000/_next/static/chunks/node_modules_next_dist_1e8vcs8._.js:776
[  371606ms] [LOG] [Fast Refresh] done in 1683ms @ http://localhost:3000/_next/static/chunks/node_modules_next_dist_1e8vcs8._.js:776
[  371668ms] [LOG] [Fast Refresh] done in 1683ms @ http://localhost:3000/_next/static/chunks/node_modules_next_dist_1e8vcs8._.js:776
[  371730ms] [LOG] [Fast Refresh] done in 1683ms @ http://localhost:3000/_next/static/chunks/node_modules_next_dist_1e8vcs8._.js:776
[  371792ms] [LOG] [Fast Refresh] done in 1683ms @ http://localhost:3000/_next/static/chunks/node_modules_next_dist_1e8vcs8._.js:776
[  371855ms] [LOG] [Fast Refresh] done in 1683ms @ http://localhost:3000/_next/static/chunks/node_modules_next_dist_1e8vcs8._.js:776
[  371917ms] [LOG] [Fast Refresh] done in 1683ms @ http://localhost:3000/_next/static/chunks/node_modules_next_dist_1e8vcs8._.js:776
[  371980ms] [LOG] [Fast Refresh] done in 1683ms @ http://localhost:3000/_next/static/chunks/node_modules_next_dist_1e8vcs8._.js:776
[  372041ms] [LOG] [Fast Refresh] done in 1683ms @ http://localhost:3000/_next/static/chunks/node_modules_next_dist_1e8vcs8._.js:776
[  372105ms] [LOG] [Fast Refresh] done in 1683ms @ http://localhost:3000/_next/static/chunks/node_modules_next_dist_1e8vcs8._.js:776
[  372166ms] [LOG] [Fast Refresh] done in 1683ms @ http://localhost:3000/_next/static/chunks/node_modules_next_dist_1e8vcs8._.js:776
[  372232ms] [LOG] [Fast Refresh] done in 1683ms @ http://localhost:3000/_next/static/chunks/node_modules_next_dist_1e8vcs8._.js:776
[  372290ms] [LOG] [Fast Refresh] done in 1683ms @ http://localhost:3000/_next/static/chunks/node_modules_next_dist_1e8vcs8._.js:776
[  372352ms] [LOG] [Fast Refresh] done in 1683ms @ http://localhost:3000/_next/static/chunks/node_modules_next_dist_1e8vcs8._.js:776
[  372414ms] [LOG] [Fast Refresh] done in 1683ms @ http://localhost:3000/_next/static/chunks/node_modules_next_dist_1e8vcs8._.js:776
[  372477ms] [LOG] [Fast Refresh] done in 1683ms @ http://localhost:3000/_next/static/chunks/node_modules_next_dist_1e8vcs8._.js:776
[  372538ms] [LOG] [Fast Refresh] done in 1683ms @ http://localhost:3000/_next/static/chunks/node_modules_next_dist_1e8vcs8._.js:776
[  372601ms] [LOG] [Fast Refresh] done in 1683ms @ http://localhost:3000/_next/static/chunks/node_modules_next_dist_1e8vcs8._.js:776
[  372663ms] [LOG] [Fast Refresh] done in 1683ms @ http://localhost:3000/_next/static/chunks/node_modules_next_dist_1e8vcs8._.js:776
[  372725ms] [LOG] [Fast Refresh] done in 1683ms @ http://localhost:3000/_next/static/chunks/node_modules_next_dist_1e8vcs8._.js:776
[  372786ms] [LOG] [Fast Refresh] done in 1683ms @ http://localhost:3000/_next/static/chunks/node_modules_next_dist_1e8vcs8._.js:776
[  372848ms] [LOG] [Fast Refresh] done in 1683ms @ http://localhost:3000/_next/static/chunks/node_modules_next_dist_1e8vcs8._.js:776
[  372910ms] [LOG] [Fast Refresh] done in 1683ms @ http://localhost:3000/_next/static/chunks/node_modules_next_dist_1e8vcs8._.js:776
[  372972ms] [LOG] [Fast Refresh] done in 1683ms @ http://localhost:3000/_next/static/chunks/node_modules_next_dist_1e8vcs8._.js:776
[  373033ms] [LOG] [Fast Refresh] done in 1683ms @ http://localhost:3000/_next/static/chunks/node_modules_next_dist_1e8vcs8._.js:776
[  373096ms] [LOG] [Fast Refresh] done in 1683ms @ http://localhost:3000/_next/static/chunks/node_modules_next_dist_1e8vcs8._.js:776
[  373158ms] [LOG] [Fast Refresh] done in 1683ms @ http://localhost:3000/_next/static/chunks/node_modules_next_dist_1e8vcs8._.js:776
[  373221ms] [LOG] [Fast Refresh] done in 1683ms @ http://localhost:3000/_next/static/chunks/node_modules_next_dist_1e8vcs8._.js:776
[  373282ms] [LOG] [Fast Refresh] done in 1683ms @ http://localhost:3000/_next/static/chunks/node_modules_next_dist_1e8vcs8._.js:776
[  373345ms] [LOG] [Fast Refresh] done in 1683ms @ http://localhost:3000/_next/static/chunks/node_modules_next_dist_1e8vcs8._.js:776
[  373406ms] [LOG] [Fast Refresh] done in 1683ms @ http://localhost:3000/_next/static/chunks/node_modules_next_dist_1e8vcs8._.js:776
[  373467ms] [LOG] [Fast Refresh] done in 1683ms @ http://localhost:3000/_next/static/chunks/node_modules_next_dist_1e8vcs8._.js:776
[  373529ms] [LOG] [Fast Refresh] done in 1683ms @ http://localhost:3000/_next/static/chunks/node_modules_next_dist_1e8vcs8._.js:776
[  373590ms] [LOG] [Fast Refresh] done in 1683ms @ http://localhost:3000/_next/static/chunks/node_modules_next_dist_1e8vcs8._.js:776
[  373654ms] [LOG] [Fast Refresh] done in 1683ms @ http://localhost:3000/_next/static/chunks/node_modules_next_dist_1e8vcs8._.js:776
[  373715ms] [LOG] [Fast Refresh] done in 1683ms @ http://localhost:3000/_next/static/chunks/node_modules_next_dist_1e8vcs8._.js:776
[  373778ms] [LOG] [Fast Refresh] done in 1683ms @ http://localhost:3000/_next/static/chunks/node_modules_next_dist_1e8vcs8._.js:776
[  373840ms] [LOG] [Fast Refresh] done in 1683ms @ http://localhost:3000/_next/static/chunks/node_modules_next_dist_1e8vcs8._.js:776
[  373902ms] [LOG] [Fast Refresh] done in 1683ms @ http://localhost:3000/_next/static/chunks/node_modules_next_dist_1e8vcs8._.js:776
[  373964ms] [LOG] [Fast Refresh] done in 1683ms @ http://localhost:3000/_next/static/chunks/node_modules_next_dist_1e8vcs8._.js:776
[  374026ms] [LOG] [Fast Refresh] done in 1683ms @ http://localhost:3000/_next/static/chunks/node_modules_next_dist_1e8vcs8._.js:776
[  374088ms] [LOG] [Fast Refresh] done in 1683ms @ http://localhost:3000/_next/static/chunks/node_modules_next_dist_1e8vcs8._.js:776
[  374150ms] [LOG] [Fast Refresh] done in 1683ms @ http://localhost:3000/_next/static/chunks/node_modules_next_dist_1e8vcs8._.js:776
[  374274ms] [LOG] [Fast Refresh] done in 1683ms @ http://localhost:3000/_next/static/chunks/node_modules_next_dist_1e8vcs8._.js:776
[  374336ms] [LOG] [Fast Refresh] done in 1683ms @ http://localhost:3000/_next/static/chunks/node_modules_next_dist_1e8vcs8._.js:776
[  374399ms] [LOG] [Fast Refresh] done in 1683ms @ http://localhost:3000/_next/static/chunks/node_modules_next_dist_1e8vcs8._.js:776
[  374460ms] [LOG] [Fast Refresh] done in 1683ms @ http://localhost:3000/_next/static/chunks/node_modules_next_dist_1e8vcs8._.js:776
[  374522ms] [LOG] [Fast Refresh] done in 1683ms @ http://localhost:3000/_next/static/chunks/node_modules_next_dist_1e8vcs8._.js:776
[  374584ms] [LOG] [Fast Refresh] done in 1683ms @ http://localhost:3000/_next/static/chunks/node_modules_next_dist_1e8vcs8._.js:776
[  374646ms] [LOG] [Fast Refresh] done in 1683ms @ http://localhost:3000/_next/static/chunks/node_modules_next_dist_1e8vcs8._.js:776
[  374707ms] [LOG] [Fast Refresh] done in 1683ms @ http://localhost:3000/_next/static/chunks/node_modules_next_dist_1e8vcs8._.js:776
[  374769ms] [LOG] [Fast Refresh] done in 1683ms @ http://localhost:3000/_next/static/chunks/node_modules_next_dist_1e8vcs8._.js:776
[  374833ms] [LOG] [Fast Refresh] done in 1683ms @ http://localhost:3000/_next/static/chunks/node_modules_next_dist_1e8vcs8._.js:776
[  374894ms] [LOG] [Fast Refresh] done in 1683ms @ http://localhost:3000/_next/static/chunks/node_modules_next_dist_1e8vcs8._.js:776
[  374955ms] [LOG] [Fast Refresh] done in 1683ms @ http://localhost:3000/_next/static/chunks/node_modules_next_dist_1e8vcs8._.js:776
[  375018ms] [LOG] [Fast Refresh] done in 1683ms @ http://localhost:3000/_next/static/chunks/node_modules_next_dist_1e8vcs8._.js:776
[  375080ms] [LOG] [Fast Refresh] done in 1683ms @ http://localhost:3000/_next/static/chunks/node_modules_next_dist_1e8vcs8._.js:776
[  375141ms] [LOG] [Fast Refresh] done in 1683ms @ http://localhost:3000/_next/static/chunks/node_modules_next_dist_1e8vcs8._.js:776
[  375203ms] [LOG] [Fast Refresh] done in 1683ms @ http://localhost:3000/_next/static/chunks/node_modules_next_dist_1e8vcs8._.js:776
[  375265ms] [LOG] [Fast Refresh] done in 1683ms @ http://localhost:3000/_next/static/chunks/node_modules_next_dist_1e8vcs8._.js:776
[  375326ms] [LOG] [Fast Refresh] done in 1683ms @ http://localhost:3000/_next/static/chunks/node_modules_next_dist_1e8vcs8._.js:776
[  375388ms] [LOG] [Fast Refresh] done in 1683ms @ http://localhost:3000/_next/static/chunks/node_modules_next_dist_1e8vcs8._.js:776
[  375450ms] [LOG] [Fast Refresh] done in 1683ms @ http://localhost:3000/_next/static/chunks/node_modules_next_dist_1e8vcs8._.js:776
[  375512ms] [LOG] [Fast Refresh] done in 1683ms @ http://localhost:3000/_next/static/chunks/node_modules_next_dist_1e8vcs8._.js:776
[  375574ms] [LOG] [Fast Refresh] done in 1683ms @ http://localhost:3000/_next/static/chunks/node_modules_next_dist_1e8vcs8._.js:776
[  375636ms] [LOG] [Fast Refresh] done in 1683ms @ http://localhost:3000/_next/static/chunks/node_modules_next_dist_1e8vcs8._.js:776
[  375698ms] [LOG] [Fast Refresh] done in 1683ms @ http://localhost:3000/_next/static/chunks/node_modules_next_dist_1e8vcs8._.js:776
[  375761ms] [LOG] [Fast Refresh] done in 1683ms @ http://localhost:3000/_next/static/chunks/node_modules_next_dist_1e8vcs8._.js:776
[  375823ms] [LOG] [Fast Refresh] done in 1683ms @ http://localhost:3000/_next/static/chunks/node_modules_next_dist_1e8vcs8._.js:776
[  375885ms] [LOG] [Fast Refresh] done in 1683ms @ http://localhost:3000/_next/static/chunks/node_modules_next_dist_1e8vcs8._.js:776
[  375978ms] [LOG] [Fast Refresh] done in 1683ms @ http://localhost:3000/_next/static/chunks/node_modules_next_dist_1e8vcs8._.js:776
[  376040ms] [LOG] [Fast Refresh] done in 1683ms @ http://localhost:3000/_next/static/chunks/node_modules_next_dist_1e8vcs8._.js:776
[  376102ms] [LOG] [Fast Refresh] done in 1683ms @ http://localhost:3000/_next/static/chunks/node_modules_next_dist_1e8vcs8._.js:776
[  376164ms] [LOG] [Fast Refresh] done in 1683ms @ http://localhost:3000/_next/static/chunks/node_modules_next_dist_1e8vcs8._.js:776
[  376226ms] [LOG] [Fast Refresh] done in 1683ms @ http://localhost:3000/_next/static/chunks/node_modules_next_dist_1e8vcs8._.js:776
[  376288ms] [LOG] [Fast Refresh] done in 1683ms @ http://localhost:3000/_next/static/chunks/node_modules_next_dist_1e8vcs8._.js:776
[  376351ms] [LOG] [Fast Refresh] done in 1683ms @ http://localhost:3000/_next/static/chunks/node_modules_next_dist_1e8vcs8._.js:776
[  376412ms] [LOG] [Fast Refresh] done in 1683ms @ http://localhost:3000/_next/static/chunks/node_modules_next_dist_1e8vcs8._.js:776
[  376474ms] [LOG] [Fast Refresh] done in 1683ms @ http://localhost:3000/_next/static/chunks/node_modules_next_dist_1e8vcs8._.js:776
[  376536ms] [LOG] [Fast Refresh] done in 1683ms @ http://localhost:3000/_next/static/chunks/node_modules_next_dist_1e8vcs8._.js:776
[  376597ms] [LOG] [Fast Refresh] done in 1683ms @ http://localhost:3000/_next/static/chunks/node_modules_next_dist_1e8vcs8._.js:776
[  376659ms] [LOG] [Fast Refresh] done in 1683ms @ http://localhost:3000/_next/static/chunks/node_modules_next_dist_1e8vcs8._.js:776
[  376722ms] [LOG] [Fast Refresh] done in 1683ms @ http://localhost:3000/_next/static/chunks/node_modules_next_dist_1e8vcs8._.js:776
[  376784ms] [LOG] [Fast Refresh] done in 1683ms @ http://localhost:3000/_next/static/chunks/node_modules_next_dist_1e8vcs8._.js:776
[  376846ms] [LOG] [Fast Refresh] done in 1683ms @ http://localhost:3000/_next/static/chunks/node_modules_next_dist_1e8vcs8._.js:776
[  376909ms] [LOG] [Fast Refresh] done in 1683ms @ http://localhost:3000/_next/static/chunks/node_modules_next_dist_1e8vcs8._.js:776
[  376971ms] [LOG] [Fast Refresh] done in 1683ms @ http://localhost:3000/_next/static/chunks/node_modules_next_dist_1e8vcs8._.js:776
[  377033ms] [LOG] [Fast Refresh] done in 1683ms @ http://localhost:3000/_next/static/chunks/node_modules_next_dist_1e8vcs8._.js:776
[  377095ms] [LOG] [Fast Refresh] done in 1683ms @ http://localhost:3000/_next/static/chunks/node_modules_next_dist_1e8vcs8._.js:776
[  377158ms] [LOG] [Fast Refresh] done in 1683ms @ http://localhost:3000/_next/static/chunks/node_modules_next_dist_1e8vcs8._.js:776
[  377220ms] [LOG] [Fast Refresh] done in 1683ms @ http://localhost:3000/_next/static/chunks/node_modules_next_dist_1e8vcs8._.js:776
[  377282ms] [LOG] [Fast Refresh] done in 1683ms @ http://localhost:3000/_next/static/chunks/node_modules_next_dist_1e8vcs8._.js:776
[  377344ms] [LOG] [Fast Refresh] done in 1683ms @ http://localhost:3000/_next/static/chunks/node_modules_next_dist_1e8vcs8._.js:776
[  377406ms] [LOG] [Fast Refresh] done in 1683ms @ http://localhost:3000/_next/static/chunks/node_modules_next_dist_1e8vcs8._.js:776
[  377469ms] [LOG] [Fast Refresh] done in 1683ms @ http://localhost:3000/_next/static/chunks/node_modules_next_dist_1e8vcs8._.js:776
[  377531ms] [LOG] [Fast Refresh] done in 1683ms @ http://localhost:3000/_next/static/chunks/node_modules_next_dist_1e8vcs8._.js:776
[  377592ms] [LOG] [Fast Refresh] done in 1683ms @ http://localhost:3000/_next/static/chunks/node_modules_next_dist_1e8vcs8._.js:776
[  377654ms] [LOG] [Fast Refresh] done in 1683ms @ http://localhost:3000/_next/static/chunks/node_modules_next_dist_1e8vcs8._.js:776
[  377716ms] [LOG] [Fast Refresh] done in 1683ms @ http://localhost:3000/_next/static/chunks/node_modules_next_dist_1e8vcs8._.js:776
[  377779ms] [LOG] [Fast Refresh] done in 1683ms @ http://localhost:3000/_next/static/chunks/node_modules_next_dist_1e8vcs8._.js:776
[  377841ms] [LOG] [Fast Refresh] done in 1683ms @ http://localhost:3000/_next/static/chunks/node_modules_next_dist_1e8vcs8._.js:776
[  377903ms] [LOG] [Fast Refresh] done in 1683ms @ http://localhost:3000/_next/static/chunks/node_modules_next_dist_1e8vcs8._.js:776
[  377964ms] [LOG] [Fast Refresh] done in 1683ms @ http://localhost:3000/_next/static/chunks/node_modules_next_dist_1e8vcs8._.js:776
[  378027ms] [LOG] [Fast Refresh] done in 1683ms @ http://localhost:3000/_next/static/chunks/node_modules_next_dist_1e8vcs8._.js:776
[  378089ms] [LOG] [Fast Refresh] done in 1683ms @ http://localhost:3000/_next/static/chunks/node_modules_next_dist_1e8vcs8._.js:776
[  378151ms] [LOG] [Fast Refresh] done in 1683ms @ http://localhost:3000/_next/static/chunks/node_modules_next_dist_1e8vcs8._.js:776
[  378214ms] [LOG] [Fast Refresh] done in 1683ms @ http://localhost:3000/_next/static/chunks/node_modules_next_dist_1e8vcs8._.js:776
[  378276ms] [LOG] [Fast Refresh] done in 1683ms @ http://localhost:3000/_next/static/chunks/node_modules_next_dist_1e8vcs8._.js:776
[  378338ms] [LOG] [Fast Refresh] done in 1683ms @ http://localhost:3000/_next/static/chunks/node_modules_next_dist_1e8vcs8._.js:776
[  378401ms] [LOG] [Fast Refresh] done in 1683ms @ http://localhost:3000/_next/static/chunks/node_modules_next_dist_1e8vcs8._.js:776
[  378462ms] [LOG] [Fast Refresh] done in 1683ms @ http://localhost:3000/_next/static/chunks/node_modules_next_dist_1e8vcs8._.js:776
[  378525ms] [LOG] [Fast Refresh] done in 1683ms @ http://localhost:3000/_next/static/chunks/node_modules_next_dist_1e8vcs8._.js:776
[  378587ms] [LOG] [Fast Refresh] done in 1683ms @ http://localhost:3000/_next/static/chunks/node_modules_next_dist_1e8vcs8._.js:776
[  378649ms] [LOG] [Fast Refresh] done in 1683ms @ http://localhost:3000/_next/static/chunks/node_modules_next_dist_1e8vcs8._.js:776
[  378712ms] [LOG] [Fast Refresh] done in 1683ms @ http://localhost:3000/_next/static/chunks/node_modules_next_dist_1e8vcs8._.js:776
[  378774ms] [LOG] [Fast Refresh] done in 1683ms @ http://localhost:3000/_next/static/chunks/node_modules_next_dist_1e8vcs8._.js:776
[  378834ms] [LOG] [Fast Refresh] done in 1683ms @ http://localhost:3000/_next/static/chunks/node_modules_next_dist_1e8vcs8._.js:776
[  378896ms] [LOG] [Fast Refresh] done in 1683ms @ http://localhost:3000/_next/static/chunks/node_modules_next_dist_1e8vcs8._.js:776
[  378958ms] [LOG] [Fast Refresh] done in 1683ms @ http://localhost:3000/_next/static/chunks/node_modules_next_dist_1e8vcs8._.js:776
[  379019ms] [LOG] [Fast Refresh] done in 1683ms @ http://localhost:3000/_next/static/chunks/node_modules_next_dist_1e8vcs8._.js:776
[  379080ms] [LOG] [Fast Refresh] done in 1683ms @ http://localhost:3000/_next/static/chunks/node_modules_next_dist_1e8vcs8._.js:776
[  379142ms] [LOG] [Fast Refresh] done in 1683ms @ http://localhost:3000/_next/static/chunks/node_modules_next_dist_1e8vcs8._.js:776
[  379204ms] [LOG] [Fast Refresh] done in 1683ms @ http://localhost:3000/_next/static/chunks/node_modules_next_dist_1e8vcs8._.js:776
[  379266ms] [LOG] [Fast Refresh] done in 1683ms @ http://localhost:3000/_next/static/chunks/node_modules_next_dist_1e8vcs8._.js:776
[  379327ms] [LOG] [Fast Refresh] done in 1683ms @ http://localhost:3000/_next/static/chunks/node_modules_next_dist_1e8vcs8._.js:776
[  379389ms] [LOG] [Fast Refresh] done in 1683ms @ http://localhost:3000/_next/static/chunks/node_modules_next_dist_1e8vcs8._.js:776
[  379450ms] [LOG] [Fast Refresh] done in 1683ms @ http://localhost:3000/_next/static/chunks/node_modules_next_dist_1e8vcs8._.js:776
[  379511ms] [LOG] [Fast Refresh] done in 1683ms @ http://localhost:3000/_next/static/chunks/node_modules_next_dist_1e8vcs8._.js:776
[  379573ms] [LOG] [Fast Refresh] done in 1683ms @ http://localhost:3000/_next/static/chunks/node_modules_next_dist_1e8vcs8._.js:776
[  379635ms] [LOG] [Fast Refresh] done in 1683ms @ http://localhost:3000/_next/static/chunks/node_modules_next_dist_1e8vcs8._.js:776
[  379697ms] [LOG] [Fast Refresh] done in 1683ms @ http://localhost:3000/_next/static/chunks/node_modules_next_dist_1e8vcs8._.js:776
[  379758ms] [LOG] [Fast Refresh] done in 1683ms @ http://localhost:3000/_next/static/chunks/node_modules_next_dist_1e8vcs8._.js:776
[  379820ms] [LOG] [Fast Refresh] done in 1683ms @ http://localhost:3000/_next/static/chunks/node_modules_next_dist_1e8vcs8._.js:776
[  379881ms] [LOG] [Fast Refresh] done in 1683ms @ http://localhost:3000/_next/static/chunks/node_modules_next_dist_1e8vcs8._.js:776
[  379943ms] [LOG] [Fast Refresh] done in 1683ms @ http://localhost:3000/_next/static/chunks/node_modules_next_dist_1e8vcs8._.js:776
[  380005ms] [LOG] [Fast Refresh] done in 1683ms @ http://localhost:3000/_next/static/chunks/node_modules_next_dist_1e8vcs8._.js:776
[  380068ms] [LOG] [Fast Refresh] done in 1683ms @ http://localhost:3000/_next/static/chunks/node_modules_next_dist_1e8vcs8._.js:776
[  380130ms] [LOG] [Fast Refresh] done in 1683ms @ http://localhost:3000/_next/static/chunks/node_modules_next_dist_1e8vcs8._.js:776
[  380192ms] [LOG] [Fast Refresh] done in 1683ms @ http://localhost:3000/_next/static/chunks/node_modules_next_dist_1e8vcs8._.js:776
[  380255ms] [LOG] [Fast Refresh] done in 1683ms @ http://localhost:3000/_next/static/chunks/node_modules_next_dist_1e8vcs8._.js:776
[  380316ms] [LOG] [Fast Refresh] done in 1683ms @ http://localhost:3000/_next/static/chunks/node_modules_next_dist_1e8vcs8._.js:776
[  380378ms] [LOG] [Fast Refresh] done in 1683ms @ http://localhost:3000/_next/static/chunks/node_modules_next_dist_1e8vcs8._.js:776
[  380441ms] [LOG] [Fast Refresh] done in 1683ms @ http://localhost:3000/_next/static/chunks/node_modules_next_dist_1e8vcs8._.js:776
[  380502ms] [LOG] [Fast Refresh] done in 1683ms @ http://localhost:3000/_next/static/chunks/node_modules_next_dist_1e8vcs8._.js:776
[  380564ms] [LOG] [Fast Refresh] done in 1683ms @ http://localhost:3000/_next/static/chunks/node_modules_next_dist_1e8vcs8._.js:776
[  380627ms] [LOG] [Fast Refresh] done in 1683ms @ http://localhost:3000/_next/static/chunks/node_modules_next_dist_1e8vcs8._.js:776
[  380689ms] [LOG] [Fast Refresh] done in 1683ms @ http://localhost:3000/_next/static/chunks/node_modules_next_dist_1e8vcs8._.js:776
[  380749ms] [LOG] [Fast Refresh] done in 1683ms @ http://localhost:3000/_next/static/chunks/node_modules_next_dist_1e8vcs8._.js:776
[  380812ms] [LOG] [Fast Refresh] done in 1683ms @ http://localhost:3000/_next/static/chunks/node_modules_next_dist_1e8vcs8._.js:776
[  380874ms] [LOG] [Fast Refresh] done in 1683ms @ http://localhost:3000/_next/static/chunks/node_modules_next_dist_1e8vcs8._.js:776
[  380935ms] [LOG] [Fast Refresh] done in 1683ms @ http://localhost:3000/_next/static/chunks/node_modules_next_dist_1e8vcs8._.js:776
[  381106ms] [LOG] [Fast Refresh] done in 1683ms @ http://localhost:3000/_next/static/chunks/node_modules_next_dist_1e8vcs8._.js:776
[  381167ms] [LOG] [Fast Refresh] done in 1683ms @ http://localhost:3000/_next/static/chunks/node_modules_next_dist_1e8vcs8._.js:776
[  381229ms] [LOG] [Fast Refresh] done in 1683ms @ http://localhost:3000/_next/static/chunks/node_modules_next_dist_1e8vcs8._.js:776
[  381292ms] [LOG] [Fast Refresh] done in 1683ms @ http://localhost:3000/_next/static/chunks/node_modules_next_dist_1e8vcs8._.js:776
[  381354ms] [LOG] [Fast Refresh] done in 1683ms @ http://localhost:3000/_next/static/chunks/node_modules_next_dist_1e8vcs8._.js:776
[  381416ms] [LOG] [Fast Refresh] done in 1683ms @ http://localhost:3000/_next/static/chunks/node_modules_next_dist_1e8vcs8._.js:776
[  381478ms] [LOG] [Fast Refresh] done in 1683ms @ http://localhost:3000/_next/static/chunks/node_modules_next_dist_1e8vcs8._.js:776
[  381540ms] [LOG] [Fast Refresh] done in 1683ms @ http://localhost:3000/_next/static/chunks/node_modules_next_dist_1e8vcs8._.js:776
[  381603ms] [LOG] [Fast Refresh] done in 1683ms @ http://localhost:3000/_next/static/chunks/node_modules_next_dist_1e8vcs8._.js:776
[  381668ms] [LOG] [Fast Refresh] done in 1683ms @ http://localhost:3000/_next/static/chunks/node_modules_next_dist_1e8vcs8._.js:776
[  381727ms] [LOG] [Fast Refresh] done in 1683ms @ http://localhost:3000/_next/static/chunks/node_modules_next_dist_1e8vcs8._.js:776
[  381788ms] [LOG] [Fast Refresh] done in 1683ms @ http://localhost:3000/_next/static/chunks/node_modules_next_dist_1e8vcs8._.js:776
[  381849ms] [LOG] [Fast Refresh] done in 1683ms @ http://localhost:3000/_next/static/chunks/node_modules_next_dist_1e8vcs8._.js:776
[  381911ms] [LOG] [Fast Refresh] done in 1683ms @ http://localhost:3000/_next/static/chunks/node_modules_next_dist_1e8vcs8._.js:776
[  381974ms] [LOG] [Fast Refresh] done in 1683ms @ http://localhost:3000/_next/static/chunks/node_modules_next_dist_1e8vcs8._.js:776
[  382036ms] [LOG] [Fast Refresh] done in 1683ms @ http://localhost:3000/_next/static/chunks/node_modules_next_dist_1e8vcs8._.js:776
[  382097ms] [LOG] [Fast Refresh] done in 1683ms @ http://localhost:3000/_next/static/chunks/node_modules_next_dist_1e8vcs8._.js:776
[  382159ms] [LOG] [Fast Refresh] done in 1683ms @ http://localhost:3000/_next/static/chunks/node_modules_next_dist_1e8vcs8._.js:776
[  382220ms] [LOG] [Fast Refresh] done in 1683ms @ http://localhost:3000/_next/static/chunks/node_modules_next_dist_1e8vcs8._.js:776
[  382281ms] [LOG] [Fast Refresh] done in 1683ms @ http://localhost:3000/_next/static/chunks/node_modules_next_dist_1e8vcs8._.js:776
[  382344ms] [LOG] [Fast Refresh] done in 1683ms @ http://localhost:3000/_next/static/chunks/node_modules_next_dist_1e8vcs8._.js:776
[  382405ms] [LOG] [Fast Refresh] done in 1683ms @ http://localhost:3000/_next/static/chunks/node_modules_next_dist_1e8vcs8._.js:776
[  382467ms] [LOG] [Fast Refresh] done in 1683ms @ http://localhost:3000/_next/static/chunks/node_modules_next_dist_1e8vcs8._.js:776
[  382530ms] [LOG] [Fast Refresh] done in 1683ms @ http://localhost:3000/_next/static/chunks/node_modules_next_dist_1e8vcs8._.js:776
[  382592ms] [LOG] [Fast Refresh] done in 1683ms @ http://localhost:3000/_next/static/chunks/node_modules_next_dist_1e8vcs8._.js:776
[  382654ms] [LOG] [Fast Refresh] done in 1683ms @ http://localhost:3000/_next/static/chunks/node_modules_next_dist_1e8vcs8._.js:776
[  382716ms] [LOG] [Fast Refresh] done in 1683ms @ http://localhost:3000/_next/static/chunks/node_modules_next_dist_1e8vcs8._.js:776
[  382777ms] [LOG] [Fast Refresh] done in 1683ms @ http://localhost:3000/_next/static/chunks/node_modules_next_dist_1e8vcs8._.js:776
[  382840ms] [LOG] [Fast Refresh] done in 1683ms @ http://localhost:3000/_next/static/chunks/node_modules_next_dist_1e8vcs8._.js:776
[  382901ms] [LOG] [Fast Refresh] done in 1683ms @ http://localhost:3000/_next/static/chunks/node_modules_next_dist_1e8vcs8._.js:776
[  382962ms] [LOG] [Fast Refresh] done in 1683ms @ http://localhost:3000/_next/static/chunks/node_modules_next_dist_1e8vcs8._.js:776
[  383024ms] [LOG] [Fast Refresh] done in 1683ms @ http://localhost:3000/_next/static/chunks/node_modules_next_dist_1e8vcs8._.js:776
[  383086ms] [LOG] [Fast Refresh] done in 1683ms @ http://localhost:3000/_next/static/chunks/node_modules_next_dist_1e8vcs8._.js:776
[  383149ms] [LOG] [Fast Refresh] done in 1683ms @ http://localhost:3000/_next/static/chunks/node_modules_next_dist_1e8vcs8._.js:776
[  383210ms] [LOG] [Fast Refresh] done in 1683ms @ http://localhost:3000/_next/static/chunks/node_modules_next_dist_1e8vcs8._.js:776
[  383272ms] [LOG] [Fast Refresh] done in 1683ms @ http://localhost:3000/_next/static/chunks/node_modules_next_dist_1e8vcs8._.js:776
[  383333ms] [LOG] [Fast Refresh] done in 1683ms @ http://localhost:3000/_next/static/chunks/node_modules_next_dist_1e8vcs8._.js:776
[  383395ms] [LOG] [Fast Refresh] done in 1683ms @ http://localhost:3000/_next/static/chunks/node_modules_next_dist_1e8vcs8._.js:776
[  383458ms] [LOG] [Fast Refresh] done in 1683ms @ http://localhost:3000/_next/static/chunks/node_modules_next_dist_1e8vcs8._.js:776
[  383520ms] [LOG] [Fast Refresh] done in 1683ms @ http://localhost:3000/_next/static/chunks/node_modules_next_dist_1e8vcs8._.js:776
[  383582ms] [LOG] [Fast Refresh] done in 1683ms @ http://localhost:3000/_next/static/chunks/node_modules_next_dist_1e8vcs8._.js:776
[  383644ms] [LOG] [Fast Refresh] done in 1683ms @ http://localhost:3000/_next/static/chunks/node_modules_next_dist_1e8vcs8._.js:776
[  383706ms] [LOG] [Fast Refresh] done in 1683ms @ http://localhost:3000/_next/static/chunks/node_modules_next_dist_1e8vcs8._.js:776
[  383768ms] [LOG] [Fast Refresh] done in 1683ms @ http://localhost:3000/_next/static/chunks/node_modules_next_dist_1e8vcs8._.js:776
[  383830ms] [LOG] [Fast Refresh] done in 1683ms @ http://localhost:3000/_next/static/chunks/node_modules_next_dist_1e8vcs8._.js:776
[  383892ms] [LOG] [Fast Refresh] done in 1683ms @ http://localhost:3000/_next/static/chunks/node_modules_next_dist_1e8vcs8._.js:776
[  383955ms] [LOG] [Fast Refresh] done in 1683ms @ http://localhost:3000/_next/static/chunks/node_modules_next_dist_1e8vcs8._.js:776
[  384016ms] [LOG] [Fast Refresh] done in 1683ms @ http://localhost:3000/_next/static/chunks/node_modules_next_dist_1e8vcs8._.js:776
[  384079ms] [LOG] [Fast Refresh] done in 1683ms @ http://localhost:3000/_next/static/chunks/node_modules_next_dist_1e8vcs8._.js:776
[  384143ms] [LOG] [Fast Refresh] done in 1683ms @ http://localhost:3000/_next/static/chunks/node_modules_next_dist_1e8vcs8._.js:776
[  384204ms] [LOG] [Fast Refresh] done in 1683ms @ http://localhost:3000/_next/static/chunks/node_modules_next_dist_1e8vcs8._.js:776
[  384265ms] [LOG] [Fast Refresh] done in 1683ms @ http://localhost:3000/_next/static/chunks/node_modules_next_dist_1e8vcs8._.js:776
[  384327ms] [LOG] [Fast Refresh] done in 1683ms @ http://localhost:3000/_next/static/chunks/node_modules_next_dist_1e8vcs8._.js:776
[  384388ms] [LOG] [Fast Refresh] done in 1683ms @ http://localhost:3000/_next/static/chunks/node_modules_next_dist_1e8vcs8._.js:776
[  384449ms] [LOG] [Fast Refresh] done in 1683ms @ http://localhost:3000/_next/static/chunks/node_modules_next_dist_1e8vcs8._.js:776
[  384512ms] [LOG] [Fast Refresh] done in 1683ms @ http://localhost:3000/_next/static/chunks/node_modules_next_dist_1e8vcs8._.js:776
[  384573ms] [LOG] [Fast Refresh] done in 1683ms @ http://localhost:3000/_next/static/chunks/node_modules_next_dist_1e8vcs8._.js:776
[  384636ms] [LOG] [Fast Refresh] done in 1683ms @ http://localhost:3000/_next/static/chunks/node_modules_next_dist_1e8vcs8._.js:776
[  384699ms] [LOG] [Fast Refresh] done in 1683ms @ http://localhost:3000/_next/static/chunks/node_modules_next_dist_1e8vcs8._.js:776
[  384760ms] [LOG] [Fast Refresh] done in 1683ms @ http://localhost:3000/_next/static/chunks/node_modules_next_dist_1e8vcs8._.js:776
[  384822ms] [LOG] [Fast Refresh] done in 1683ms @ http://localhost:3000/_next/static/chunks/node_modules_next_dist_1e8vcs8._.js:776
[  384884ms] [LOG] [Fast Refresh] done in 1683ms @ http://localhost:3000/_next/static/chunks/node_modules_next_dist_1e8vcs8._.js:776
[  384946ms] [LOG] [Fast Refresh] done in 1683ms @ http://localhost:3000/_next/static/chunks/node_modules_next_dist_1e8vcs8._.js:776
[  385007ms] [LOG] [Fast Refresh] done in 1683ms @ http://localhost:3000/_next/static/chunks/node_modules_next_dist_1e8vcs8._.js:776
[  385069ms] [LOG] [Fast Refresh] done in 1683ms @ http://localhost:3000/_next/static/chunks/node_modules_next_dist_1e8vcs8._.js:776
[  385131ms] [LOG] [Fast Refresh] done in 1683ms @ http://localhost:3000/_next/static/chunks/node_modules_next_dist_1e8vcs8._.js:776
[  385194ms] [LOG] [Fast Refresh] done in 1683ms @ http://localhost:3000/_next/static/chunks/node_modules_next_dist_1e8vcs8._.js:776
[  385255ms] [LOG] [Fast Refresh] done in 1683ms @ http://localhost:3000/_next/static/chunks/node_modules_next_dist_1e8vcs8._.js:776
[  385317ms] [LOG] [Fast Refresh] done in 1683ms @ http://localhost:3000/_next/static/chunks/node_modules_next_dist_1e8vcs8._.js:776
[  385380ms] [LOG] [Fast Refresh] done in 1683ms @ http://localhost:3000/_next/static/chunks/node_modules_next_dist_1e8vcs8._.js:776
[  385442ms] [LOG] [Fast Refresh] done in 1683ms @ http://localhost:3000/_next/static/chunks/node_modules_next_dist_1e8vcs8._.js:776
[  385504ms] [LOG] [Fast Refresh] done in 1683ms @ http://localhost:3000/_next/static/chunks/node_modules_next_dist_1e8vcs8._.js:776
[  385566ms] [LOG] [Fast Refresh] done in 1683ms @ http://localhost:3000/_next/static/chunks/node_modules_next_dist_1e8vcs8._.js:776
[  385628ms] [LOG] [Fast Refresh] done in 1683ms @ http://localhost:3000/_next/static/chunks/node_modules_next_dist_1e8vcs8._.js:776
[  385689ms] [LOG] [Fast Refresh] done in 1683ms @ http://localhost:3000/_next/static/chunks/node_modules_next_dist_1e8vcs8._.js:776
[  385752ms] [LOG] [Fast Refresh] done in 1683ms @ http://localhost:3000/_next/static/chunks/node_modules_next_dist_1e8vcs8._.js:776
[  385815ms] [LOG] [Fast Refresh] done in 1683ms @ http://localhost:3000/_next/static/chunks/node_modules_next_dist_1e8vcs8._.js:776
[  385877ms] [LOG] [Fast Refresh] done in 1683ms @ http://localhost:3000/_next/static/chunks/node_modules_next_dist_1e8vcs8._.js:776
[  385938ms] [LOG] [Fast Refresh] done in 1683ms @ http://localhost:3000/_next/static/chunks/node_modules_next_dist_1e8vcs8._.js:776
[  386001ms] [LOG] [Fast Refresh] done in 1683ms @ http://localhost:3000/_next/static/chunks/node_modules_next_dist_1e8vcs8._.js:776
[  386064ms] [LOG] [Fast Refresh] done in 1683ms @ http://localhost:3000/_next/static/chunks/node_modules_next_dist_1e8vcs8._.js:776
[  386125ms] [LOG] [Fast Refresh] done in 1683ms @ http://localhost:3000/_next/static/chunks/node_modules_next_dist_1e8vcs8._.js:776
[  386187ms] [LOG] [Fast Refresh] done in 1683ms @ http://localhost:3000/_next/static/chunks/node_modules_next_dist_1e8vcs8._.js:776
[  386249ms] [LOG] [Fast Refresh] done in 1683ms @ http://localhost:3000/_next/static/chunks/node_modules_next_dist_1e8vcs8._.js:776
[  386312ms] [LOG] [Fast Refresh] done in 1683ms @ http://localhost:3000/_next/static/chunks/node_modules_next_dist_1e8vcs8._.js:776
[  386374ms] [LOG] [Fast Refresh] done in 1683ms @ http://localhost:3000/_next/static/chunks/node_modules_next_dist_1e8vcs8._.js:776
[  386436ms] [LOG] [Fast Refresh] done in 1683ms @ http://localhost:3000/_next/static/chunks/node_modules_next_dist_1e8vcs8._.js:776
[  386499ms] [LOG] [Fast Refresh] done in 1683ms @ http://localhost:3000/_next/static/chunks/node_modules_next_dist_1e8vcs8._.js:776
[  386561ms] [LOG] [Fast Refresh] done in 1683ms @ http://localhost:3000/_next/static/chunks/node_modules_next_dist_1e8vcs8._.js:776
[  386622ms] [LOG] [Fast Refresh] done in 1683ms @ http://localhost:3000/_next/static/chunks/node_modules_next_dist_1e8vcs8._.js:776
[  386685ms] [LOG] [Fast Refresh] done in 1683ms @ http://localhost:3000/_next/static/chunks/node_modules_next_dist_1e8vcs8._.js:776
[  386747ms] [LOG] [Fast Refresh] done in 1683ms @ http://localhost:3000/_next/static/chunks/node_modules_next_dist_1e8vcs8._.js:776
[  386809ms] [LOG] [Fast Refresh] done in 1683ms @ http://localhost:3000/_next/static/chunks/node_modules_next_dist_1e8vcs8._.js:776
[  386870ms] [LOG] [Fast Refresh] done in 1683ms @ http://localhost:3000/_next/static/chunks/node_modules_next_dist_1e8vcs8._.js:776
[  386934ms] [LOG] [Fast Refresh] done in 1683ms @ http://localhost:3000/_next/static/chunks/node_modules_next_dist_1e8vcs8._.js:776
[  386996ms] [LOG] [Fast Refresh] done in 1683ms @ http://localhost:3000/_next/static/chunks/node_modules_next_dist_1e8vcs8._.js:776
[  387059ms] [LOG] [Fast Refresh] done in 1683ms @ http://localhost:3000/_next/static/chunks/node_modules_next_dist_1e8vcs8._.js:776
[  387122ms] [LOG] [Fast Refresh] done in 1683ms @ http://localhost:3000/_next/static/chunks/node_modules_next_dist_1e8vcs8._.js:776
[  387184ms] [LOG] [Fast Refresh] done in 1683ms @ http://localhost:3000/_next/static/chunks/node_modules_next_dist_1e8vcs8._.js:776
[  387248ms] [LOG] [Fast Refresh] done in 1683ms @ http://localhost:3000/_next/static/chunks/node_modules_next_dist_1e8vcs8._.js:776
[  387310ms] [LOG] [Fast Refresh] done in 1683ms @ http://localhost:3000/_next/static/chunks/node_modules_next_dist_1e8vcs8._.js:776
[  387371ms] [LOG] [Fast Refresh] done in 1683ms @ http://localhost:3000/_next/static/chunks/node_modules_next_dist_1e8vcs8._.js:776
[  387433ms] [LOG] [Fast Refresh] done in 1683ms @ http://localhost:3000/_next/static/chunks/node_modules_next_dist_1e8vcs8._.js:776
[  387495ms] [LOG] [Fast Refresh] done in 1683ms @ http://localhost:3000/_next/static/chunks/node_modules_next_dist_1e8vcs8._.js:776
[  387557ms] [LOG] [Fast Refresh] done in 1683ms @ http://localhost:3000/_next/static/chunks/node_modules_next_dist_1e8vcs8._.js:776
[  387618ms] [LOG] [Fast Refresh] done in 1683ms @ http://localhost:3000/_next/static/chunks/node_modules_next_dist_1e8vcs8._.js:776
[  387681ms] [LOG] [Fast Refresh] done in 1683ms @ http://localhost:3000/_next/static/chunks/node_modules_next_dist_1e8vcs8._.js:776
[  387744ms] [LOG] [Fast Refresh] done in 1683ms @ http://localhost:3000/_next/static/chunks/node_modules_next_dist_1e8vcs8._.js:776
[  387806ms] [LOG] [Fast Refresh] done in 1683ms @ http://localhost:3000/_next/static/chunks/node_modules_next_dist_1e8vcs8._.js:776
[  387869ms] [LOG] [Fast Refresh] done in 1683ms @ http://localhost:3000/_next/static/chunks/node_modules_next_dist_1e8vcs8._.js:776
[  387931ms] [LOG] [Fast Refresh] done in 1683ms @ http://localhost:3000/_next/static/chunks/node_modules_next_dist_1e8vcs8._.js:776
[  387992ms] [LOG] [Fast Refresh] done in 1683ms @ http://localhost:3000/_next/static/chunks/node_modules_next_dist_1e8vcs8._.js:776
[  388054ms] [LOG] [Fast Refresh] done in 1683ms @ http://localhost:3000/_next/static/chunks/node_modules_next_dist_1e8vcs8._.js:776
[  388117ms] [LOG] [Fast Refresh] done in 1683ms @ http://localhost:3000/_next/static/chunks/node_modules_next_dist_1e8vcs8._.js:776
[  388179ms] [LOG] [Fast Refresh] done in 1683ms @ http://localhost:3000/_next/static/chunks/node_modules_next_dist_1e8vcs8._.js:776
[  388241ms] [LOG] [Fast Refresh] done in 1683ms @ http://localhost:3000/_next/static/chunks/node_modules_next_dist_1e8vcs8._.js:776
[  388304ms] [LOG] [Fast Refresh] done in 1683ms @ http://localhost:3000/_next/static/chunks/node_modules_next_dist_1e8vcs8._.js:776
[  388367ms] [LOG] [Fast Refresh] done in 1683ms @ http://localhost:3000/_next/static/chunks/node_modules_next_dist_1e8vcs8._.js:776
[  388428ms] [LOG] [Fast Refresh] done in 1683ms @ http://localhost:3000/_next/static/chunks/node_modules_next_dist_1e8vcs8._.js:776
[  388489ms] [LOG] [Fast Refresh] done in 1683ms @ http://localhost:3000/_next/static/chunks/node_modules_next_dist_1e8vcs8._.js:776
[  388551ms] [LOG] [Fast Refresh] done in 1683ms @ http://localhost:3000/_next/static/chunks/node_modules_next_dist_1e8vcs8._.js:776
[  388612ms] [LOG] [Fast Refresh] done in 1683ms @ http://localhost:3000/_next/static/chunks/node_modules_next_dist_1e8vcs8._.js:776
[  388675ms] [LOG] [Fast Refresh] done in 1683ms @ http://localhost:3000/_next/static/chunks/node_modules_next_dist_1e8vcs8._.js:776
[  388737ms] [LOG] [Fast Refresh] done in 1683ms @ http://localhost:3000/_next/static/chunks/node_modules_next_dist_1e8vcs8._.js:776
[  388800ms] [LOG] [Fast Refresh] done in 1683ms @ http://localhost:3000/_next/static/chunks/node_modules_next_dist_1e8vcs8._.js:776
[  388863ms] [LOG] [Fast Refresh] done in 1683ms @ http://localhost:3000/_next/static/chunks/node_modules_next_dist_1e8vcs8._.js:776
[  388925ms] [LOG] [Fast Refresh] done in 1683ms @ http://localhost:3000/_next/static/chunks/node_modules_next_dist_1e8vcs8._.js:776
[  388988ms] [LOG] [Fast Refresh] done in 1683ms @ http://localhost:3000/_next/static/chunks/node_modules_next_dist_1e8vcs8._.js:776
[  389051ms] [LOG] [Fast Refresh] done in 1683ms @ http://localhost:3000/_next/static/chunks/node_modules_next_dist_1e8vcs8._.js:776
[  389114ms] [LOG] [Fast Refresh] done in 1683ms @ http://localhost:3000/_next/static/chunks/node_modules_next_dist_1e8vcs8._.js:776
[  389176ms] [LOG] [Fast Refresh] done in 1683ms @ http://localhost:3000/_next/static/chunks/node_modules_next_dist_1e8vcs8._.js:776
[  389238ms] [LOG] [Fast Refresh] done in 1683ms @ http://localhost:3000/_next/static/chunks/node_modules_next_dist_1e8vcs8._.js:776
[  389299ms] [LOG] [Fast Refresh] done in 1683ms @ http://localhost:3000/_next/static/chunks/node_modules_next_dist_1e8vcs8._.js:776
[  389362ms] [LOG] [Fast Refresh] done in 1683ms @ http://localhost:3000/_next/static/chunks/node_modules_next_dist_1e8vcs8._.js:776
[  389424ms] [LOG] [Fast Refresh] done in 1683ms @ http://localhost:3000/_next/static/chunks/node_modules_next_dist_1e8vcs8._.js:776
[  389486ms] [LOG] [Fast Refresh] done in 1683ms @ http://localhost:3000/_next/static/chunks/node_modules_next_dist_1e8vcs8._.js:776
[  389549ms] [LOG] [Fast Refresh] done in 1683ms @ http://localhost:3000/_next/static/chunks/node_modules_next_dist_1e8vcs8._.js:776
[  389611ms] [LOG] [Fast Refresh] done in 1683ms @ http://localhost:3000/_next/static/chunks/node_modules_next_dist_1e8vcs8._.js:776
[  389673ms] [LOG] [Fast Refresh] done in 1683ms @ http://localhost:3000/_next/static/chunks/node_modules_next_dist_1e8vcs8._.js:776
[  389735ms] [LOG] [Fast Refresh] done in 1683ms @ http://localhost:3000/_next/static/chunks/node_modules_next_dist_1e8vcs8._.js:776
[  389797ms] [LOG] [Fast Refresh] done in 1683ms @ http://localhost:3000/_next/static/chunks/node_modules_next_dist_1e8vcs8._.js:776
[  389860ms] [LOG] [Fast Refresh] done in 1683ms @ http://localhost:3000/_next/static/chunks/node_modules_next_dist_1e8vcs8._.js:776
[  389922ms] [LOG] [Fast Refresh] done in 1683ms @ http://localhost:3000/_next/static/chunks/node_modules_next_dist_1e8vcs8._.js:776
[  389985ms] [LOG] [Fast Refresh] done in 1683ms @ http://localhost:3000/_next/static/chunks/node_modules_next_dist_1e8vcs8._.js:776
[  390048ms] [LOG] [Fast Refresh] done in 1683ms @ http://localhost:3000/_next/static/chunks/node_modules_next_dist_1e8vcs8._.js:776
[  390110ms] [LOG] [Fast Refresh] done in 1683ms @ http://localhost:3000/_next/static/chunks/node_modules_next_dist_1e8vcs8._.js:776
[  390171ms] [LOG] [Fast Refresh] done in 1683ms @ http://localhost:3000/_next/static/chunks/node_modules_next_dist_1e8vcs8._.js:776
[  390233ms] [LOG] [Fast Refresh] done in 1683ms @ http://localhost:3000/_next/static/chunks/node_modules_next_dist_1e8vcs8._.js:776
[  390294ms] [LOG] [Fast Refresh] done in 1683ms @ http://localhost:3000/_next/static/chunks/node_modules_next_dist_1e8vcs8._.js:776
[  390356ms] [LOG] [Fast Refresh] done in 1683ms @ http://localhost:3000/_next/static/chunks/node_modules_next_dist_1e8vcs8._.js:776
[  390419ms] [LOG] [Fast Refresh] done in 1683ms @ http://localhost:3000/_next/static/chunks/node_modules_next_dist_1e8vcs8._.js:776
[  390481ms] [LOG] [Fast Refresh] done in 1683ms @ http://localhost:3000/_next/static/chunks/node_modules_next_dist_1e8vcs8._.js:776
[  390606ms] [LOG] [Fast Refresh] done in 1683ms @ http://localhost:3000/_next/static/chunks/node_modules_next_dist_1e8vcs8._.js:776
[  390668ms] [LOG] [Fast Refresh] done in 1683ms @ http://localhost:3000/_next/static/chunks/node_modules_next_dist_1e8vcs8._.js:776
[  390730ms] [LOG] [Fast Refresh] done in 1683ms @ http://localhost:3000/_next/static/chunks/node_modules_next_dist_1e8vcs8._.js:776
[  390792ms] [LOG] [Fast Refresh] done in 1683ms @ http://localhost:3000/_next/static/chunks/node_modules_next_dist_1e8vcs8._.js:776
[  390854ms] [LOG] [Fast Refresh] done in 1683ms @ http://localhost:3000/_next/static/chunks/node_modules_next_dist_1e8vcs8._.js:776
[  390918ms] [LOG] [Fast Refresh] done in 1683ms @ http://localhost:3000/_next/static/chunks/node_modules_next_dist_1e8vcs8._.js:776
[  390981ms] [LOG] [Fast Refresh] done in 1683ms @ http://localhost:3000/_next/static/chunks/node_modules_next_dist_1e8vcs8._.js:776
[  391044ms] [LOG] [Fast Refresh] done in 1683ms @ http://localhost:3000/_next/static/chunks/node_modules_next_dist_1e8vcs8._.js:776
[  391106ms] [LOG] [Fast Refresh] done in 1683ms @ http://localhost:3000/_next/static/chunks/node_modules_next_dist_1e8vcs8._.js:776
[  391168ms] [LOG] [Fast Refresh] done in 1683ms @ http://localhost:3000/_next/static/chunks/node_modules_next_dist_1e8vcs8._.js:776
[  391230ms] [LOG] [Fast Refresh] done in 1683ms @ http://localhost:3000/_next/static/chunks/node_modules_next_dist_1e8vcs8._.js:776
[  391292ms] [LOG] [Fast Refresh] done in 1683ms @ http://localhost:3000/_next/static/chunks/node_modules_next_dist_1e8vcs8._.js:776
[  391354ms] [LOG] [Fast Refresh] done in 1683ms @ http://localhost:3000/_next/static/chunks/node_modules_next_dist_1e8vcs8._.js:776
[  391416ms] [LOG] [Fast Refresh] done in 1683ms @ http://localhost:3000/_next/static/chunks/node_modules_next_dist_1e8vcs8._.js:776
[  391478ms] [LOG] [Fast Refresh] done in 1683ms @ http://localhost:3000/_next/static/chunks/node_modules_next_dist_1e8vcs8._.js:776
[  391540ms] [LOG] [Fast Refresh] done in 1683ms @ http://localhost:3000/_next/static/chunks/node_modules_next_dist_1e8vcs8._.js:776
[  391602ms] [LOG] [Fast Refresh] done in 1683ms @ http://localhost:3000/_next/static/chunks/node_modules_next_dist_1e8vcs8._.js:776
[  391664ms] [LOG] [Fast Refresh] done in 1683ms @ http://localhost:3000/_next/static/chunks/node_modules_next_dist_1e8vcs8._.js:776
[  391725ms] [LOG] [Fast Refresh] done in 1683ms @ http://localhost:3000/_next/static/chunks/node_modules_next_dist_1e8vcs8._.js:776
[  391786ms] [LOG] [Fast Refresh] done in 1683ms @ http://localhost:3000/_next/static/chunks/node_modules_next_dist_1e8vcs8._.js:776
[  391849ms] [LOG] [Fast Refresh] done in 1683ms @ http://localhost:3000/_next/static/chunks/node_modules_next_dist_1e8vcs8._.js:776
[  391974ms] [LOG] [Fast Refresh] done in 1683ms @ http://localhost:3000/_next/static/chunks/node_modules_next_dist_1e8vcs8._.js:776
[  392036ms] [LOG] [Fast Refresh] done in 1683ms @ http://localhost:3000/_next/static/chunks/node_modules_next_dist_1e8vcs8._.js:776
[  392097ms] [LOG] [Fast Refresh] done in 1683ms @ http://localhost:3000/_next/static/chunks/node_modules_next_dist_1e8vcs8._.js:776
[  392159ms] [LOG] [Fast Refresh] done in 1683ms @ http://localhost:3000/_next/static/chunks/node_modules_next_dist_1e8vcs8._.js:776
[  392221ms] [LOG] [Fast Refresh] done in 1683ms @ http://localhost:3000/_next/static/chunks/node_modules_next_dist_1e8vcs8._.js:776
[  392282ms] [LOG] [Fast Refresh] done in 1683ms @ http://localhost:3000/_next/static/chunks/node_modules_next_dist_1e8vcs8._.js:776
[  392344ms] [LOG] [Fast Refresh] done in 1683ms @ http://localhost:3000/_next/static/chunks/node_modules_next_dist_1e8vcs8._.js:776
[  392407ms] [LOG] [Fast Refresh] done in 1683ms @ http://localhost:3000/_next/static/chunks/node_modules_next_dist_1e8vcs8._.js:776
[  392470ms] [LOG] [Fast Refresh] done in 1683ms @ http://localhost:3000/_next/static/chunks/node_modules_next_dist_1e8vcs8._.js:776
[  392532ms] [LOG] [Fast Refresh] done in 1683ms @ http://localhost:3000/_next/static/chunks/node_modules_next_dist_1e8vcs8._.js:776
[  392594ms] [LOG] [Fast Refresh] done in 1683ms @ http://localhost:3000/_next/static/chunks/node_modules_next_dist_1e8vcs8._.js:776
[  392657ms] [LOG] [Fast Refresh] done in 1683ms @ http://localhost:3000/_next/static/chunks/node_modules_next_dist_1e8vcs8._.js:776
[  392719ms] [LOG] [Fast Refresh] done in 1683ms @ http://localhost:3000/_next/static/chunks/node_modules_next_dist_1e8vcs8._.js:776
[  392781ms] [LOG] [Fast Refresh] done in 1683ms @ http://localhost:3000/_next/static/chunks/node_modules_next_dist_1e8vcs8._.js:776
[  392842ms] [LOG] [Fast Refresh] done in 1683ms @ http://localhost:3000/_next/static/chunks/node_modules_next_dist_1e8vcs8._.js:776
[  392904ms] [LOG] [Fast Refresh] done in 1683ms @ http://localhost:3000/_next/static/chunks/node_modules_next_dist_1e8vcs8._.js:776
[  392966ms] [LOG] [Fast Refresh] done in 1683ms @ http://localhost:3000/_next/static/chunks/node_modules_next_dist_1e8vcs8._.js:776
[  393028ms] [LOG] [Fast Refresh] done in 1683ms @ http://localhost:3000/_next/static/chunks/node_modules_next_dist_1e8vcs8._.js:776
[  393090ms] [LOG] [Fast Refresh] done in 1683ms @ http://localhost:3000/_next/static/chunks/node_modules_next_dist_1e8vcs8._.js:776
[  393153ms] [LOG] [Fast Refresh] done in 1683ms @ http://localhost:3000/_next/static/chunks/node_modules_next_dist_1e8vcs8._.js:776
[  393216ms] [LOG] [Fast Refresh] done in 1683ms @ http://localhost:3000/_next/static/chunks/node_modules_next_dist_1e8vcs8._.js:776
[  393278ms] [LOG] [Fast Refresh] done in 1683ms @ http://localhost:3000/_next/static/chunks/node_modules_next_dist_1e8vcs8._.js:776
[  393341ms] [LOG] [Fast Refresh] done in 1683ms @ http://localhost:3000/_next/static/chunks/node_modules_next_dist_1e8vcs8._.js:776
[  393403ms] [LOG] [Fast Refresh] done in 1683ms @ http://localhost:3000/_next/static/chunks/node_modules_next_dist_1e8vcs8._.js:776
[  393465ms] [LOG] [Fast Refresh] done in 1683ms @ http://localhost:3000/_next/static/chunks/node_modules_next_dist_1e8vcs8._.js:776
[  393526ms] [LOG] [Fast Refresh] done in 1683ms @ http://localhost:3000/_next/static/chunks/node_modules_next_dist_1e8vcs8._.js:776
[  393588ms] [LOG] [Fast Refresh] done in 1683ms @ http://localhost:3000/_next/static/chunks/node_modules_next_dist_1e8vcs8._.js:776
[  393650ms] [LOG] [Fast Refresh] done in 1683ms @ http://localhost:3000/_next/static/chunks/node_modules_next_dist_1e8vcs8._.js:776
[  393712ms] [LOG] [Fast Refresh] done in 1683ms @ http://localhost:3000/_next/static/chunks/node_modules_next_dist_1e8vcs8._.js:776
[  393775ms] [LOG] [Fast Refresh] done in 1683ms @ http://localhost:3000/_next/static/chunks/node_modules_next_dist_1e8vcs8._.js:776
[  393836ms] [LOG] [Fast Refresh] done in 1683ms @ http://localhost:3000/_next/static/chunks/node_modules_next_dist_1e8vcs8._.js:776
[  393898ms] [LOG] [Fast Refresh] done in 1683ms @ http://localhost:3000/_next/static/chunks/node_modules_next_dist_1e8vcs8._.js:776
[  393959ms] [LOG] [Fast Refresh] done in 1683ms @ http://localhost:3000/_next/static/chunks/node_modules_next_dist_1e8vcs8._.js:776
[  394022ms] [LOG] [Fast Refresh] done in 1683ms @ http://localhost:3000/_next/static/chunks/node_modules_next_dist_1e8vcs8._.js:776
[  394083ms] [LOG] [Fast Refresh] done in 1683ms @ http://localhost:3000/_next/static/chunks/node_modules_next_dist_1e8vcs8._.js:776
[  394146ms] [LOG] [Fast Refresh] done in 1683ms @ http://localhost:3000/_next/static/chunks/node_modules_next_dist_1e8vcs8._.js:776
[  394207ms] [LOG] [Fast Refresh] done in 1683ms @ http://localhost:3000/_next/static/chunks/node_modules_next_dist_1e8vcs8._.js:776
[  394270ms] [LOG] [Fast Refresh] done in 1683ms @ http://localhost:3000/_next/static/chunks/node_modules_next_dist_1e8vcs8._.js:776
[  394332ms] [LOG] [Fast Refresh] done in 1683ms @ http://localhost:3000/_next/static/chunks/node_modules_next_dist_1e8vcs8._.js:776
[  394395ms] [LOG] [Fast Refresh] done in 1683ms @ http://localhost:3000/_next/static/chunks/node_modules_next_dist_1e8vcs8._.js:776
[  394457ms] [LOG] [Fast Refresh] done in 1683ms @ http://localhost:3000/_next/static/chunks/node_modules_next_dist_1e8vcs8._.js:776
[  394518ms] [LOG] [Fast Refresh] done in 1683ms @ http://localhost:3000/_next/static/chunks/node_modules_next_dist_1e8vcs8._.js:776
[  394581ms] [LOG] [Fast Refresh] done in 1683ms @ http://localhost:3000/_next/static/chunks/node_modules_next_dist_1e8vcs8._.js:776
[  394642ms] [LOG] [Fast Refresh] done in 1683ms @ http://localhost:3000/_next/static/chunks/node_modules_next_dist_1e8vcs8._.js:776
[  394704ms] [LOG] [Fast Refresh] done in 1683ms @ http://localhost:3000/_next/static/chunks/node_modules_next_dist_1e8vcs8._.js:776
[  394766ms] [LOG] [Fast Refresh] done in 1683ms @ http://localhost:3000/_next/static/chunks/node_modules_next_dist_1e8vcs8._.js:776
[  394828ms] [LOG] [Fast Refresh] done in 1683ms @ http://localhost:3000/_next/static/chunks/node_modules_next_dist_1e8vcs8._.js:776
[  394890ms] [LOG] [Fast Refresh] done in 1683ms @ http://localhost:3000/_next/static/chunks/node_modules_next_dist_1e8vcs8._.js:776
[  394952ms] [LOG] [Fast Refresh] done in 1683ms @ http://localhost:3000/_next/static/chunks/node_modules_next_dist_1e8vcs8._.js:776
[  395014ms] [LOG] [Fast Refresh] done in 1683ms @ http://localhost:3000/_next/static/chunks/node_modules_next_dist_1e8vcs8._.js:776
[  395077ms] [LOG] [Fast Refresh] done in 1683ms @ http://localhost:3000/_next/static/chunks/node_modules_next_dist_1e8vcs8._.js:776
[  395138ms] [LOG] [Fast Refresh] done in 1683ms @ http://localhost:3000/_next/static/chunks/node_modules_next_dist_1e8vcs8._.js:776
[  395200ms] [LOG] [Fast Refresh] done in 1683ms @ http://localhost:3000/_next/static/chunks/node_modules_next_dist_1e8vcs8._.js:776
[  395263ms] [LOG] [Fast Refresh] done in 1683ms @ http://localhost:3000/_next/static/chunks/node_modules_next_dist_1e8vcs8._.js:776
[  395326ms] [LOG] [Fast Refresh] done in 1683ms @ http://localhost:3000/_next/static/chunks/node_modules_next_dist_1e8vcs8._.js:776
[  395389ms] [LOG] [Fast Refresh] done in 1683ms @ http://localhost:3000/_next/static/chunks/node_modules_next_dist_1e8vcs8._.js:776
[  395450ms] [LOG] [Fast Refresh] done in 1683ms @ http://localhost:3000/_next/static/chunks/node_modules_next_dist_1e8vcs8._.js:776
[  395513ms] [LOG] [Fast Refresh] done in 1683ms @ http://localhost:3000/_next/static/chunks/node_modules_next_dist_1e8vcs8._.js:776
[  395576ms] [LOG] [Fast Refresh] done in 1683ms @ http://localhost:3000/_next/static/chunks/node_modules_next_dist_1e8vcs8._.js:776
[  395638ms] [LOG] [Fast Refresh] done in 1683ms @ http://localhost:3000/_next/static/chunks/node_modules_next_dist_1e8vcs8._.js:776
[  395701ms] [LOG] [Fast Refresh] done in 1683ms @ http://localhost:3000/_next/static/chunks/node_modules_next_dist_1e8vcs8._.js:776
[  395763ms] [LOG] [Fast Refresh] done in 1683ms @ http://localhost:3000/_next/static/chunks/node_modules_next_dist_1e8vcs8._.js:776
[  395824ms] [LOG] [Fast Refresh] done in 1683ms @ http://localhost:3000/_next/static/chunks/node_modules_next_dist_1e8vcs8._.js:776
[  395887ms] [LOG] [Fast Refresh] done in 1683ms @ http://localhost:3000/_next/static/chunks/node_modules_next_dist_1e8vcs8._.js:776
[  395949ms] [LOG] [Fast Refresh] done in 1683ms @ http://localhost:3000/_next/static/chunks/node_modules_next_dist_1e8vcs8._.js:776
[  396011ms] [LOG] [Fast Refresh] done in 1683ms @ http://localhost:3000/_next/static/chunks/node_modules_next_dist_1e8vcs8._.js:776
[  396072ms] [LOG] [Fast Refresh] done in 1683ms @ http://localhost:3000/_next/static/chunks/node_modules_next_dist_1e8vcs8._.js:776
[  396134ms] [LOG] [Fast Refresh] done in 1683ms @ http://localhost:3000/_next/static/chunks/node_modules_next_dist_1e8vcs8._.js:776
[  396195ms] [LOG] [Fast Refresh] done in 1683ms @ http://localhost:3000/_next/static/chunks/node_modules_next_dist_1e8vcs8._.js:776
[  396258ms] [LOG] [Fast Refresh] done in 1683ms @ http://localhost:3000/_next/static/chunks/node_modules_next_dist_1e8vcs8._.js:776
[  396319ms] [LOG] [Fast Refresh] done in 1683ms @ http://localhost:3000/_next/static/chunks/node_modules_next_dist_1e8vcs8._.js:776
[  396381ms] [LOG] [Fast Refresh] done in 1683ms @ http://localhost:3000/_next/static/chunks/node_modules_next_dist_1e8vcs8._.js:776
[  396443ms] [LOG] [Fast Refresh] done in 1683ms @ http://localhost:3000/_next/static/chunks/node_modules_next_dist_1e8vcs8._.js:776
[  396505ms] [LOG] [Fast Refresh] done in 1683ms @ http://localhost:3000/_next/static/chunks/node_modules_next_dist_1e8vcs8._.js:776
[  396567ms] [LOG] [Fast Refresh] done in 1683ms @ http://localhost:3000/_next/static/chunks/node_modules_next_dist_1e8vcs8._.js:776
[  396629ms] [LOG] [Fast Refresh] done in 1683ms @ http://localhost:3000/_next/static/chunks/node_modules_next_dist_1e8vcs8._.js:776
[  396690ms] [LOG] [Fast Refresh] done in 1683ms @ http://localhost:3000/_next/static/chunks/node_modules_next_dist_1e8vcs8._.js:776
[  396753ms] [LOG] [Fast Refresh] done in 1683ms @ http://localhost:3000/_next/static/chunks/node_modules_next_dist_1e8vcs8._.js:776
[  396816ms] [LOG] [Fast Refresh] done in 1683ms @ http://localhost:3000/_next/static/chunks/node_modules_next_dist_1e8vcs8._.js:776
[  396877ms] [LOG] [Fast Refresh] done in 1683ms @ http://localhost:3000/_next/static/chunks/node_modules_next_dist_1e8vcs8._.js:776
[  396939ms] [LOG] [Fast Refresh] done in 1683ms @ http://localhost:3000/_next/static/chunks/node_modules_next_dist_1e8vcs8._.js:776
[  397001ms] [LOG] [Fast Refresh] done in 1683ms @ http://localhost:3000/_next/static/chunks/node_modules_next_dist_1e8vcs8._.js:776
[  397063ms] [LOG] [Fast Refresh] done in 1683ms @ http://localhost:3000/_next/static/chunks/node_modules_next_dist_1e8vcs8._.js:776
[  397126ms] [LOG] [Fast Refresh] done in 1683ms @ http://localhost:3000/_next/static/chunks/node_modules_next_dist_1e8vcs8._.js:776
[  397188ms] [LOG] [Fast Refresh] done in 1683ms @ http://localhost:3000/_next/static/chunks/node_modules_next_dist_1e8vcs8._.js:776
[  397250ms] [LOG] [Fast Refresh] done in 1683ms @ http://localhost:3000/_next/static/chunks/node_modules_next_dist_1e8vcs8._.js:776
[  397312ms] [LOG] [Fast Refresh] done in 1683ms @ http://localhost:3000/_next/static/chunks/node_modules_next_dist_1e8vcs8._.js:776
[  397437ms] [LOG] [Fast Refresh] done in 1683ms @ http://localhost:3000/_next/static/chunks/node_modules_next_dist_1e8vcs8._.js:776
[  397499ms] [LOG] [Fast Refresh] done in 1683ms @ http://localhost:3000/_next/static/chunks/node_modules_next_dist_1e8vcs8._.js:776
[  397561ms] [LOG] [Fast Refresh] done in 1683ms @ http://localhost:3000/_next/static/chunks/node_modules_next_dist_1e8vcs8._.js:776
[  397624ms] [LOG] [Fast Refresh] done in 1683ms @ http://localhost:3000/_next/static/chunks/node_modules_next_dist_1e8vcs8._.js:776
[  397686ms] [LOG] [Fast Refresh] done in 1683ms @ http://localhost:3000/_next/static/chunks/node_modules_next_dist_1e8vcs8._.js:776
[  397748ms] [LOG] [Fast Refresh] done in 1683ms @ http://localhost:3000/_next/static/chunks/node_modules_next_dist_1e8vcs8._.js:776
[  397809ms] [LOG] [Fast Refresh] done in 1683ms @ http://localhost:3000/_next/static/chunks/node_modules_next_dist_1e8vcs8._.js:776
[  397871ms] [LOG] [Fast Refresh] done in 1683ms @ http://localhost:3000/_next/static/chunks/node_modules_next_dist_1e8vcs8._.js:776
[  397932ms] [LOG] [Fast Refresh] done in 1683ms @ http://localhost:3000/_next/static/chunks/node_modules_next_dist_1e8vcs8._.js:776
[  397993ms] [LOG] [Fast Refresh] done in 1683ms @ http://localhost:3000/_next/static/chunks/node_modules_next_dist_1e8vcs8._.js:776
[  398056ms] [LOG] [Fast Refresh] done in 1683ms @ http://localhost:3000/_next/static/chunks/node_modules_next_dist_1e8vcs8._.js:776
[  398118ms] [LOG] [Fast Refresh] done in 1683ms @ http://localhost:3000/_next/static/chunks/node_modules_next_dist_1e8vcs8._.js:776
[  398181ms] [LOG] [Fast Refresh] done in 1683ms @ http://localhost:3000/_next/static/chunks/node_modules_next_dist_1e8vcs8._.js:776
[  398244ms] [LOG] [Fast Refresh] done in 1683ms @ http://localhost:3000/_next/static/chunks/node_modules_next_dist_1e8vcs8._.js:776
[  398307ms] [LOG] [Fast Refresh] done in 1683ms @ http://localhost:3000/_next/static/chunks/node_modules_next_dist_1e8vcs8._.js:776
[  398369ms] [LOG] [Fast Refresh] done in 1683ms @ http://localhost:3000/_next/static/chunks/node_modules_next_dist_1e8vcs8._.js:776
[  398431ms] [LOG] [Fast Refresh] done in 1683ms @ http://localhost:3000/_next/static/chunks/node_modules_next_dist_1e8vcs8._.js:776
[  398494ms] [LOG] [Fast Refresh] done in 1683ms @ http://localhost:3000/_next/static/chunks/node_modules_next_dist_1e8vcs8._.js:776
[  398556ms] [LOG] [Fast Refresh] done in 1683ms @ http://localhost:3000/_next/static/chunks/node_modules_next_dist_1e8vcs8._.js:776
[  398619ms] [LOG] [Fast Refresh] done in 1683ms @ http://localhost:3000/_next/static/chunks/node_modules_next_dist_1e8vcs8._.js:776
[  398681ms] [LOG] [Fast Refresh] done in 1683ms @ http://localhost:3000/_next/static/chunks/node_modules_next_dist_1e8vcs8._.js:776
[  398743ms] [LOG] [Fast Refresh] done in 1683ms @ http://localhost:3000/_next/static/chunks/node_modules_next_dist_1e8vcs8._.js:776
[  398806ms] [LOG] [Fast Refresh] done in 1683ms @ http://localhost:3000/_next/static/chunks/node_modules_next_dist_1e8vcs8._.js:776
[  398869ms] [LOG] [Fast Refresh] done in 1683ms @ http://localhost:3000/_next/static/chunks/node_modules_next_dist_1e8vcs8._.js:776
[  398931ms] [LOG] [Fast Refresh] done in 1683ms @ http://localhost:3000/_next/static/chunks/node_modules_next_dist_1e8vcs8._.js:776
[  398993ms] [LOG] [Fast Refresh] done in 1683ms @ http://localhost:3000/_next/static/chunks/node_modules_next_dist_1e8vcs8._.js:776
[  399054ms] [LOG] [Fast Refresh] done in 1683ms @ http://localhost:3000/_next/static/chunks/node_modules_next_dist_1e8vcs8._.js:776
[  399115ms] [LOG] [Fast Refresh] done in 1683ms @ http://localhost:3000/_next/static/chunks/node_modules_next_dist_1e8vcs8._.js:776
[  399177ms] [LOG] [Fast Refresh] done in 1683ms @ http://localhost:3000/_next/static/chunks/node_modules_next_dist_1e8vcs8._.js:776
[  399240ms] [LOG] [Fast Refresh] done in 1683ms @ http://localhost:3000/_next/static/chunks/node_modules_next_dist_1e8vcs8._.js:776
[  399301ms] [LOG] [Fast Refresh] done in 1683ms @ http://localhost:3000/_next/static/chunks/node_modules_next_dist_1e8vcs8._.js:776
[  399365ms] [LOG] [Fast Refresh] done in 1683ms @ http://localhost:3000/_next/static/chunks/node_modules_next_dist_1e8vcs8._.js:776
[  399427ms] [LOG] [Fast Refresh] done in 1683ms @ http://localhost:3000/_next/static/chunks/node_modules_next_dist_1e8vcs8._.js:776
[  399490ms] [LOG] [Fast Refresh] done in 1683ms @ http://localhost:3000/_next/static/chunks/node_modules_next_dist_1e8vcs8._.js:776
[  399552ms] [LOG] [Fast Refresh] done in 1683ms @ http://localhost:3000/_next/static/chunks/node_modules_next_dist_1e8vcs8._.js:776
[  399614ms] [LOG] [Fast Refresh] done in 1683ms @ http://localhost:3000/_next/static/chunks/node_modules_next_dist_1e8vcs8._.js:776
[  399676ms] [LOG] [Fast Refresh] done in 1683ms @ http://localhost:3000/_next/static/chunks/node_modules_next_dist_1e8vcs8._.js:776
[  399739ms] [LOG] [Fast Refresh] done in 1683ms @ http://localhost:3000/_next/static/chunks/node_modules_next_dist_1e8vcs8._.js:776
[  399801ms] [LOG] [Fast Refresh] done in 1683ms @ http://localhost:3000/_next/static/chunks/node_modules_next_dist_1e8vcs8._.js:776
[  399863ms] [LOG] [Fast Refresh] done in 1683ms @ http://localhost:3000/_next/static/chunks/node_modules_next_dist_1e8vcs8._.js:776
[  399926ms] [LOG] [Fast Refresh] done in 1683ms @ http://localhost:3000/_next/static/chunks/node_modules_next_dist_1e8vcs8._.js:776
[  399987ms] [LOG] [Fast Refresh] done in 1683ms @ http://localhost:3000/_next/static/chunks/node_modules_next_dist_1e8vcs8._.js:776
[  400050ms] [LOG] [Fast Refresh] done in 1683ms @ http://localhost:3000/_next/static/chunks/node_modules_next_dist_1e8vcs8._.js:776
[  400158ms] [LOG] [Fast Refresh] done in 1683ms @ http://localhost:3000/_next/static/chunks/node_modules_next_dist_1e8vcs8._.js:776
[  400220ms] [LOG] [Fast Refresh] done in 1683ms @ http://localhost:3000/_next/static/chunks/node_modules_next_dist_1e8vcs8._.js:776
[  400282ms] [LOG] [Fast Refresh] done in 1683ms @ http://localhost:3000/_next/static/chunks/node_modules_next_dist_1e8vcs8._.js:776
[  400344ms] [LOG] [Fast Refresh] done in 1683ms @ http://localhost:3000/_next/static/chunks/node_modules_next_dist_1e8vcs8._.js:776
[  400416ms] [LOG] [Fast Refresh] done in 1683ms @ http://localhost:3000/_next/static/chunks/node_modules_next_dist_1e8vcs8._.js:776
